\BOOKMARK [0][-]{chapter*.3}{\376\377\000A\000b\000s\000t\000r\000a\000c\000t}{}% 1
\BOOKMARK [0][-]{chapter*.4}{\376\377\000U\000i\000t\000t\000r\000e\000k\000s\000e\000l}{}% 2
\BOOKMARK [0][-]{chapter*.4}{\376\377\000T\000a\000b\000l\000e\000\040\000o\000f\000\040\000c\000o\000n\000t\000e\000n\000t\000s}{}% 3
\BOOKMARK [0][-]{chapter*.5}{\376\377\000L\000i\000s\000t\000\040\000o\000f\000\040\000f\000i\000g\000u\000r\000e\000s}{}% 4
\BOOKMARK [0][-]{chapter*.6}{\376\377\000L\000i\000s\000t\000\040\000o\000f\000\040\000t\000a\000b\000l\000e\000s}{}% 5
\BOOKMARK [0][-]{chapter*.8}{\376\377\000N\000o\000m\000e\000n\000c\000l\000a\000t\000u\000r\000e}{}% 6
\BOOKMARK [1][-]{section*.9}{\376\377\000A\000c\000r\000o\000n\000y\000m\000s\000\040\000a\000n\000d\000\040\000a\000b\000b\000r\000e\000v\000i\000a\000t\000i\000o\000n\000s}{chapter*.8}% 7
\BOOKMARK [0][-]{chapter.1}{\376\377\000B\000a\000c\000k\000g\000r\000o\000u\000n\000d}{}% 8
\BOOKMARK [1][-]{section.1.1}{\376\377\000W\000a\000s\000t\000e\000w\000a\000t\000e\000r\000\040\000T\000r\000e\000a\000t\000m\000e\000n\000t\000\040\000W\000o\000r\000k\000s}{chapter.1}% 9
\BOOKMARK [1][-]{section.1.2}{\376\377\000C\000o\000n\000v\000o\000l\000u\000t\000i\000o\000n\000a\000l\000\040\000N\000e\000u\000r\000a\000l\000\040\000N\000e\000t\000w\000o\000r\000k\000s}{chapter.1}% 10
\BOOKMARK [1][-]{section.1.3}{\376\377\000P\000r\000o\000b\000l\000e\000m\000\040\000S\000t\000a\000t\000e\000m\000e\000n\000t}{chapter.1}% 11
\BOOKMARK [1][-]{section.1.4}{\376\377\000O\000b\000j\000e\000c\000t\000i\000v\000e\000s}{chapter.1}% 12
\BOOKMARK [0][-]{chapter.2}{\376\377\000I\000n\000t\000r\000o\000d\000u\000c\000t\000i\000o\000n}{}% 13
\BOOKMARK [1][-]{section.2.1}{\376\377\000S\000u\000m\000m\000a\000r\000y\000\040\000o\000f\000\040\000W\000o\000r\000k}{chapter.2}% 14
\BOOKMARK [1][-]{section.2.2}{\376\377\000S\000c\000o\000p\000e}{chapter.2}% 15
\BOOKMARK [1][-]{section.2.3}{\376\377\000R\000o\000a\000d\000m\000a\000p}{chapter.2}% 16
\BOOKMARK [0][-]{chapter.3}{\376\377\000L\000i\000t\000e\000r\000a\000t\000u\000r\000e}{}% 17
\BOOKMARK [1][-]{section.3.1}{\376\377\000R\000e\000l\000a\000t\000e\000d\000\040\000W\000o\000r\000k}{chapter.3}% 18
\BOOKMARK [0][-]{chapter.4}{\376\377\000D\000a\000t\000a\000s\000e\000t}{}% 19
\BOOKMARK [1][-]{section.4.1}{\376\377\000W\000W\000T\000W\000\040\000S\000i\000t\000e\000s}{chapter.4}% 20
\BOOKMARK [1][-]{section.4.2}{\376\377\000A\000n\000n\000o\000t\000a\000t\000i\000o\000n\000s}{chapter.4}% 21
\BOOKMARK [1][-]{section.4.3}{\376\377\000F\000a\000c\000i\000l\000i\000t\000y\000\040\000S\000t\000r\000u\000c\000t\000u\000r\000e}{chapter.4}% 22
\BOOKMARK [1][-]{section.4.4}{\376\377\000D\000a\000t\000a\000\040\000P\000r\000e\000p\000a\000r\000a\000t\000i\000o\000n}{chapter.4}% 23
\BOOKMARK [1][-]{section.4.5}{\376\377\000E\000x\000c\000l\000u\000d\000e\000d\000\040\000f\000r\000o\000m\000\040\000t\000h\000e\000\040\000d\000a\000t\000a\000s\000e\000t}{chapter.4}% 24
\BOOKMARK [1][-]{section.4.6}{\376\377\000S\000u\000m\000m\000a\000r\000y\000\040\000T\000a\000b\000l\000e}{chapter.4}% 25
\BOOKMARK [0][-]{chapter.5}{\376\377\000S\000u\000m\000m\000a\000r\000y\000\040\000a\000n\000d\000\040\000c\000o\000n\000c\000l\000u\000s\000i\000o\000n\000s}{}% 26
\BOOKMARK [0][-]{chapter*.18}{\376\377\000R\000e\000f\000e\000r\000e\000n\000c\000e\000s}{}% 27
\BOOKMARK [0][-]{appendix.A}{\376\377\000A\000p\000p\000e\000n\000d\000i\000x\000\040\000t\000i\000t\000l\000e\000\040\000g\000o\000e\000s\000\040\000h\000e\000r\000e}{}% 28
