This is pdfTeX, Version 3.141592653-2.6-1.40.29 (TeX Live 2026/Arch Linux) (preloaded format=pdflatex 2026.6.6)  8 OCT 2026 13:31
entering extended mode
 restricted \write18 enabled.
 file:line:error style messages enabled.
 %&-line parsing enabled.
**/home/janes/Repos/Skripsie/Report/thesis
(/home/janes/Repos/Skripsie/Report/thesis.tex
LaTeX2e <2025-11-01>
L3 programming layer <2026-01-19>
(./stb-thesis.cls
Document Class: stb-thesis 2023/09/01v1.3Stellenbosh Thesis class (DNJ ELS)
(/usr/share/texmf-dist/tex/latex/tools/calc.sty
Package: calc 2025/03/01 v4.3b Infix arithmetic (KKT,FJ)
\calc@Acount=\count275
\calc@Bcount=\count276
\calc@Adimen=\dimen148
\calc@Bdimen=\dimen149
\calc@Askip=\skip49
\calc@Bskip=\skip50
LaTeX Info: Redefining \setlength on input line 86.
LaTeX Info: Redefining \addtolength on input line 87.
\calc@Ccount=\count277
\calc@Cskip=\skip51
) (/usr/share/texmf-dist/tex/generic/iftex/ifpdf.sty
Package: ifpdf 2019/10/25 v3.4 ifpdf legacy package. Use iftex instead.
 (/usr/share/texmf-dist/tex/generic/iftex/iftex.sty
Package: iftex 2024/12/12 v1.0g TeX engine tests
))
Class stb-thesis Info: Input file 'stb-thesis.afr' loaded on input line 96.
 (./stb-thesis.afr
File: stb_thesis_afr 2023/01/10 v1.0 stb_thesis Afr defs (DNJ Els)
)
Class stb-thesis Info: Input file 'stb-thesis.eng' loaded on input line 99.
 (./stb-thesis.eng
File: stb_thesis_afr 2023/01/10 v1.0 stb_thesis Eng defs (DNJ Els)
) (/usr/share/texmf-dist/tex/latex/base/book.cls
Document Class: book 2025/01/22 v1.4n Standard LaTeX document class
(/usr/share/texmf-dist/tex/latex/base/bk12.clo
File: bk12.clo 2025/01/22 v1.4n Standard LaTeX file (size option)
)
\c@part=\count278
\c@chapter=\count279
\c@section=\count280
\c@subsection=\count281
\c@subsubsection=\count282
\c@paragraph=\count283
\c@subparagraph=\count284
\c@figure=\count285
\c@table=\count286
\abovecaptionskip=\skip52
\belowcaptionskip=\skip53
\bibindent=\dimen150
)
\STB@tdima=\skip54
\STB@tdimb=\skip55
\STB@tboxa=\box53
\STB@tboxb=\box54
\c@STB@tcnta=\count287
\c@STB@tcntb=\count288
\STB@month=\count289
\STB@year=\count290
) (./imports.tex (/usr/share/texmf-dist/tex/latex/tools/afterpage.sty
Package: afterpage 2023/07/04 v1.08 After-Page Package (DPC)
\AP@output=\toks17
\AP@partial=\box55
\AP@footins=\box56
) (/usr/share/texmf-dist/tex/latex/geometry/geometry.sty
Package: geometry 2020/01/02 v5.9 Page Geometry
 (/usr/share/texmf-dist/tex/latex/graphics/keyval.sty
Package: keyval 2022/05/29 v1.15 key=value parser (DPC)
\KV@toks@=\toks18
) (/usr/share/texmf-dist/tex/generic/iftex/ifvtex.sty
Package: ifvtex 2019/10/25 v1.7 ifvtex legacy package. Use iftex instead.
)
\Gm@cnth=\count291
\Gm@cntv=\count292
\c@Gm@tempcnt=\count293
\Gm@bindingoffset=\dimen151
\Gm@wd@mp=\dimen152
\Gm@odd@mp=\dimen153
\Gm@even@mp=\dimen154
\Gm@layoutwidth=\dimen155
\Gm@layoutheight=\dimen156
\Gm@layouthoffset=\dimen157
\Gm@layoutvoffset=\dimen158
\Gm@dimlist=\toks19
) (/usr/share/texmf-dist/tex/latex/caption/caption.sty
Package: caption 2023/08/05 v3.6o Customizing captions (AR)
 (/usr/share/texmf-dist/tex/latex/caption/caption3.sty
Package: caption3 2023/07/31 v2.4d caption3 kernel (AR)
\caption@tempdima=\dimen159
\captionmargin=\dimen160
\caption@leftmargin=\dimen161
\caption@rightmargin=\dimen162
\caption@width=\dimen163
\caption@indent=\dimen164
\caption@parindent=\dimen165
\caption@hangindent=\dimen166
Package caption Info: Document class w/o caption stuff detected.
)
\c@caption@flags=\count294
\c@continuedfloat=\count295
) (/usr/share/texmf-dist/tex/latex/pdfpages/pdfpages.sty
Package: pdfpages 2025/07/23 v0.6g Insert pages of external PDF documents (AM)
 (/usr/share/texmf-dist/tex/latex/base/ifthen.sty
Package: ifthen 2024/03/16 v1.1e Standard LaTeX ifthen package (DPC)
) (/usr/share/texmf-dist/tex/latex/eso-pic/eso-pic.sty
Package: eso-pic 2025/12/10 v3.0d eso-pic (RN)
\ESO@tempdima=\dimen167
\ESO@tempdimb=\dimen168
 (/usr/share/texmf-dist/tex/latex/xcolor/xcolor.sty
Package: xcolor 2024/09/29 v3.02 LaTeX color extensions (UK)
 (/usr/share/texmf-dist/tex/latex/graphics-cfg/color.cfg
File: color.cfg 2016/01/02 v1.6 sample color configuration
)
Package xcolor Info: Driver file: pdftex.def on input line 274.
 (/usr/share/texmf-dist/tex/latex/graphics-def/pdftex.def
File: pdftex.def 2025/09/29 v1.2d Graphics/color driver for pdftex
) (/usr/share/texmf-dist/tex/latex/graphics/mathcolor.ltx)
Package xcolor Info: Model `cmy' substituted by `cmy0' on input line 1349.
Package xcolor Info: Model `hsb' substituted by `rgb' on input line 1353.
Package xcolor Info: Model `RGB' extended on input line 1365.
Package xcolor Info: Model `HTML' substituted by `rgb' on input line 1367.
Package xcolor Info: Model `Hsb' substituted by `hsb' on input line 1368.
Package xcolor Info: Model `tHsb' substituted by `hsb' on input line 1369.
Package xcolor Info: Model `HSB' substituted by `hsb' on input line 1370.
Package xcolor Info: Model `Gray' substituted by `gray' on input line 1371.
Package xcolor Info: Model `wave' substituted by `hsb' on input line 1372.
)) (/usr/share/texmf-dist/tex/latex/etoolbox/etoolbox.sty
Package: etoolbox 2025/10/02 v2.5m e-TeX tools for LaTeX (JAW)
\etb@tempcnta=\count296
) (/usr/share/texmf-dist/tex/latex/graphics/graphicx.sty
Package: graphicx 2024/12/31 v1.2e Enhanced LaTeX Graphics (DPC,SPQR)
 (/usr/share/texmf-dist/tex/latex/graphics/graphics.sty
Package: graphics 2024/08/06 v1.4g Standard LaTeX Graphics (DPC,SPQR)
 (/usr/share/texmf-dist/tex/latex/graphics/trig.sty
Package: trig 2023/12/02 v1.11 sin cos tan (DPC)
) (/usr/share/texmf-dist/tex/latex/graphics-cfg/graphics.cfg
File: graphics.cfg 2016/06/04 v1.11 sample graphics configuration
)
Package graphics Info: Driver file: pdftex.def on input line 106.
)
\Gin@req@height=\dimen169
\Gin@req@width=\dimen170
)
\AM@pagewidth=\dimen171
\AM@pageheight=\dimen172
\AM@fboxrule=\dimen173
 (/usr/share/texmf-dist/tex/latex/pdfpages/pppdftex.def
File: pppdftex.def 2025/07/23 v0.6g Pdfpages driver for pdfTeX (AM)
)
\pdfpages@includegraphics@status=\count297
\AM@pagebox=\box57
\AM@global@opts=\toks20
\AM@pagecnt=\count298
\AM@toc@title=\toks21
\AM@lof@heading=\toks22
\c@AM@survey=\count299
\AM@templatesizebox=\box58
) (/usr/share/texmf-dist/tex/latex/caption/subcaption.sty
Package: subcaption 2023/07/28 v1.6b Sub-captions (AR)
Package caption Info: New subtype `subfigure' on input line 238.
\c@subfigure=\count300
Package caption Info: New subtype `subtable' on input line 238.
\c@subtable=\count301
) (/usr/share/texmf-dist/tex/generic/babel/babel.sty
Package: babel 2026/02/14 v26.3 The multilingual framework for LuaLaTeX, pdfLaTeX and XeLaTeX
\babel@savecnt=\count302
LaTeX Encoding Info:    Redeclaring text command \ij (encoding OT1) on input line 2078.
LaTeX Encoding Info:    Redeclaring text command \IJ (encoding OT1) on input line 2080.
LaTeX Encoding Info:    Redeclaring text command \ij (encoding T1) on input line 2082.
LaTeX Encoding Info:    Redeclaring text command \IJ (encoding T1) on input line 2083.
LaTeX Encoding Info:    Ignoring declaration for text command \ij (encoding ?) on input line 2084.
LaTeX Encoding Info:    Ignoring declaration for text command \IJ (encoding ?) on input line 2086.
LaTeX Encoding Info:    Ignoring declaration for text command \SS (encoding ?) on input line 2111.
\U@D=\dimen174
\l@unhyphenated=\language3
 (/usr/share/texmf-dist/tex/generic/babel/txtbabel.def)
\bbl@readstream=\read2
\bbl@dirlevel=\count303
 (/usr/share/texmf-dist/tex/generic/babel/locale/en/babel-english.tex)
Package babel Info: Importing font and identification data for english
(babel)             from babel-en.ini. Reported on input line 4330.
 (/usr/share/texmf-dist/tex/generic/babel-english/english.ldf
Language: english 2017/06/06 v3.3r English support from the babel system
Package babel Info: Hyphen rules for 'british' set to \l@english
(babel)             (\language0). Reported on input line 82.
Package babel Info: Hyphen rules for 'UKenglish' set to \l@english
(babel)             (\language0). Reported on input line 83.
Package babel Info: Hyphen rules for 'canadian' set to \l@english
(babel)             (\language0). Reported on input line 102.
Package babel Info: Hyphen rules for 'australian' set to \l@english
(babel)             (\language0). Reported on input line 105.
Package babel Info: Hyphen rules for 'newzealand' set to \l@english
(babel)             (\language0). Reported on input line 108.
)) (/usr/share/texmf-dist/tex/generic/babel/locale/af/babel-afrikaans.tex)
Package babel Info: Importing data for afrikaans
(babel)             from babel-af.ini. Reported on input line 26.
Package babel Info: Hyphen rules for 'afrikaans' set to \l@english
(babel)             (\language0). Reported on input line 26.
 (/usr/share/texmf-dist/tex/latex/microtype/microtype.sty
Package: microtype 2026/03/01 v3.2d Micro-typographical refinements (RS)
\MT@toks=\toks23
\MT@tempbox=\box59
\MT@count=\count304
LaTeX Info: Redefining \noprotrusionifhmode on input line 1084.
LaTeX Info: Redefining \leftprotrusion on input line 1085.
\MT@prot@toks=\toks24
LaTeX Info: Redefining \rightprotrusion on input line 1104.
LaTeX Info: Redefining \textls on input line 1449.
\MT@outer@kern=\dimen175
LaTeX Info: Redefining \microtypecontext on input line 2053.
LaTeX Info: Redefining \textmicrotypecontext on input line 2070.
\MT@listname@count=\count305
 (/usr/share/texmf-dist/tex/latex/microtype/microtype-pdftex.def
File: microtype-pdftex.def 2026/03/01 v3.2d Definitions specific to pdftex (RS)
LaTeX Info: Redefining \lsstyle on input line 944.
LaTeX Info: Redefining \lslig on input line 944.
\MT@outer@space=\skip56
)
Package microtype Info: Loading configuration file microtype.cfg.
 (/usr/share/texmf-dist/tex/latex/microtype/microtype.cfg
File: microtype.cfg 2026/03/01 v3.2d microtype main configuration file (RS)
)
LaTeX Info: Redefining \microtypesetup on input line 3065.
) (/usr/share/texmf-dist/tex/latex/setspace/setspace.sty
Package: setspace 2022/12/04 v6.7b set line spacing
) (/usr/share/texmf-dist/tex/latex/enumitem/enumitem.sty
Package: enumitem 2025/02/06 v3.11 Customized lists
\labelindent=\skip57
\enit@outerparindent=\dimen176
\enit@toks=\toks25
\enit@inbox=\box60
\enit@count@id=\count306
\enitdp@description=\count307
) (/usr/share/texmf-dist/tex/latex/listings/listings.sty
\lst@mode=\count308
\lst@gtempboxa=\box61
\lst@token=\toks26
\lst@length=\count309
\lst@currlwidth=\dimen177
\lst@column=\count310
\lst@pos=\count311
\lst@lostspace=\dimen178
\lst@width=\dimen179
\lst@newlines=\count312
\lst@lineno=\count313
\lst@maxwidth=\dimen180
 (/usr/share/texmf-dist/tex/latex/listings/lstpatch.sty
File: lstpatch.sty 2025/11/14 1.11b (Carsten Heinz)
) (/usr/share/texmf-dist/tex/latex/listings/lstmisc.sty
File: lstmisc.sty 2025/11/14 1.11b (Carsten Heinz)
\c@lstnumber=\count314
\lst@skipnumbers=\count315
\lst@framebox=\box62
) (/usr/share/texmf-dist/tex/latex/listings/listings.cfg
File: listings.cfg 2025/11/14 1.11b listings configuration
))
Package: listings 2025/11/14 1.11b (Carsten Heinz)

==> First Aid for listings.sty no longer applied!
    Expected:
        2024/09/23 1.10c (Carsten Heinz)
    but found:
        2025/11/14 1.11b (Carsten Heinz)
    so I'm assuming it got fixed.
(/usr/share/texmf-dist/tex/latex/l3packages/xfp/xfp.sty (/usr/share/texmf-dist/tex/latex/l3kernel/expl3.sty
Package: expl3 2026-01-19 L3 programming layer (loader) 
 (/usr/share/texmf-dist/tex/latex/l3backend/l3backend-pdftex.def
File: l3backend-pdftex.def 2025-10-09 L3 backend support: PDF output (pdfTeX)
\l__color_backend_stack_int=\count316
))
Package: xfp 2025-10-09 L3 Floating point unit
) (/usr/share/texmf-dist/tex/latex/anyfontsize/anyfontsize.sty
Package: anyfontsize 2007/11/22 anyfontsize.sty by pts
) (/usr/share/texmf-dist/tex/latex/bold-extra/bold-extra.sty
Package: bold-extra 2001/11/13 v0.1 Use fonts from cm/mf-extra/bold
) (/usr/share/texmf-dist/tex/latex/quotchap/quotchap.sty
Package: quotchap 2020/11/13 v1.3 Decorative Chapter Headings with Quotes
\@quotebox=\box63
) (/usr/share/texmf-dist/tex/latex/textcase/textcase.sty
Package: textcase 2025/02/16 v1.05 Text only upper/lower case changing (DPC)
Package textcase Info: Defining Legacy names on input line 20.
) (/usr/share/texmf-dist/tex/latex/mfirstuc/mfirstuc.sty
Package: mfirstuc 2025/04/03 v2.09 (NLCT)
\@glsmfirst=\toks27
\@glsmrest=\toks28
) (/usr/share/texmf-dist/tex/latex/titlecaps/titlecaps.sty
Package: titlecaps 2022/04/12\ 1.3\ Routines for setting rich-text input into Titling Caps
 (/usr/share/texmf-dist/tex/latex/ifnextok/ifnextok.sty
Package: ifnextok 2011/06/27 v0.3 test next token (UL)
)
\c@lcword@index=\count317
\c@word@count=\count318
\c@lc@words=\count319
\c@dia@count=\count320
\c@arg@@@index=\count321
) (/usr/share/texmf-dist/tex/latex/stringstrings/stringstrings.sty
Package: stringstrings 2020/12/08 v1.24 Extensive array of string manipulation routines for cosmetic and programming application
\c@@letterindex=\count322
\c@@@letterindex=\count323
\c@@@@letterindex=\count324
\c@@wordindex=\count325
\c@@iargc=\count326
\c@@gobblesize=\count327
\c@@maxrotation=\count328
\c@@stringsize=\count329
\c@@@stringsize=\count330
\c@@@@stringsize=\count331
\c@@revisedstringsize=\count332
\c@@gobbleindex=\count333
\c@@charsfound=\count334
\c@@alph=\count335
\c@@alphaindex=\count336
\c@@capstrigger=\count337
\c@@fromindex=\count338
\c@@toindex=\count339
\c@@previousindex=\count340
\c@@flag=\count341
\c@@matchloc=\count342
\c@@matchend=\count343
\c@@matchsize=\count344
\c@@matchmax=\count345
\c@@skipped=\count346
\c@@lcwords=\count347
\c@@@matchloc=\count348
) (/usr/share/texmf-dist/tex/latex/titlesec/titlesec.sty
Package: titlesec 2025/01/04 v2.17 Sectioning titles
\ttl@box=\box64
\beforetitleunit=\skip58
\aftertitleunit=\skip59
\ttl@plus=\dimen181
\ttl@minus=\dimen182
\ttl@toksa=\toks29
\titlewidth=\dimen183
\titlewidthlast=\dimen184
\titlewidthfirst=\dimen185
) (/usr/share/texmf-dist/tex/latex/titlesec/titletoc.sty
Package: titletoc 2025/01/04 v2.17 TOC entries
\ttl@leftsep=\dimen186
) (/usr/share/texmf-dist/tex/latex/acro/acro.sty (/usr/share/texmf-dist/tex/latex/l3packages/l3keys2e/l3keys2e.sty
Package: l3keys2e 2025-10-09 LaTeX2e option processing using LaTeX3 keys
)
Package: acro 2022/04/01 v3.8 typeset acronyms and other abbreviations (CN)
\l__acro_tmpa_int=\count349
\l__acro_tmpb_int=\count350
\l__acro_tmpc_int=\count351
\l__acro_tmpd_int=\count352
Loading module `base' ...
Loading module `interface' ...
Loading module `aux' ...
Loading module `properties' ...
Loading module `acronyms' ...
Loading module `formatting' ...
Loading module `ppfixes' ...
Loading module `tools' ...
\l__acro_minimal_usage_int=\count353
\l__acro_nest_int=\count354
\g_acro_barrier_int=\count355
\g_acro_barrier_total_int=\count356
Loading module `commands' ...
\l_acro_nest_level_int=\count357
Loading module `templates' ...
Loading module `list' ...
Loading module `pages' ...
\l__acro_pages_seq_threshold_int=\count358
Loading module `locale' ...
 (/usr/share/texmf-dist/tex/latex/translations/translations.sty
Package: translations 2022/02/05 v1.12 internationalization of LaTeX2e packages (CN)
 (/usr/share/texmf-dist/tex/generic/pdftexcmds/pdftexcmds.sty
Package: pdftexcmds 2020-06-27 v0.33 Utility functions of pdfTeX for LuaTeX (HO)
 (/usr/share/texmf-dist/tex/generic/infwarerr/infwarerr.sty
Package: infwarerr 2019/12/03 v1.5 Providing info/warning/error messages (HO)
) (/usr/share/texmf-dist/tex/generic/ltxcmds/ltxcmds.sty
Package: ltxcmds 2023-12-04 v1.26 LaTeX kernel commands for general use (HO)
)
Package pdftexcmds Info: \pdf@primitive is available.
Package pdftexcmds Info: \pdf@ifprimitive is available.
Package pdftexcmds Info: \pdfdraftmode found.
))
Loading module `pdfsupport' ...
Loading module `patch' ...
Loading module `definitions' ...
Loading module `upgrade' ...
)
==> First Aid for acro.sty applied!
(/usr/share/texmf-dist/tex/latex/tools/multicol.sty
Package: multicol 2025/10/21 v2.0b multicolumn formatting (FMi)
\c@tracingmulticols=\count359
\mult@box=\box65
\multicol@leftmargin=\dimen187
\c@unbalance=\count360
\c@collectmore=\count361
\doublecol@number=\count362
\multicoltolerance=\count363
\multicolpretolerance=\count364
\full@width=\dimen188
\page@free=\dimen189
\premulticols=\dimen190
\postmulticols=\dimen191
\multicolsep=\skip60
\multicolbaselineskip=\skip61
\partial@page=\box66
\last@line=\box67
\mc@boxedresult=\box68
\maxbalancingoverflow=\dimen192
\mult@rightbox=\box69
\mult@grightbox=\box70
\mult@firstbox=\box71
\mult@gfirstbox=\box72
\@tempa=\box73
\@tempa=\box74
\@tempa=\box75
\@tempa=\box76
\@tempa=\box77
\@tempa=\box78
\@tempa=\box79
\@tempa=\box80
\@tempa=\box81
\@tempa=\box82
\@tempa=\box83
\@tempa=\box84
\@tempa=\box85
\@tempa=\box86
\@tempa=\box87
\@tempa=\box88
\@tempa=\box89
\@tempa=\box90
\@tempa=\box91
\@tempa=\box92
\@tempa=\box93
\@tempa=\box94
\@tempa=\box95
\@tempa=\box96
\@tempa=\box97
\@tempa=\box98
\@tempa=\box99
\@tempa=\box100
\@tempa=\box101
\@tempa=\box102
\@tempa=\box103
\@tempa=\box104
\@tempa=\box105
\@tempa=\box106
\@tempa=\box107
\@tempa=\box108
\c@minrows=\count365
\c@columnbadness=\count366
\c@finalcolumnbadness=\count367
\last@try=\dimen193
\multicolovershoot=\dimen194
\multicolundershoot=\dimen195
\mult@nat@firstbox=\box109
\colbreak@box=\box110
\mc@col@check@num=\count368
\g__mc_curr_col_int=\count369
) (/usr/share/texmf-dist/tex/latex/ragged2e/ragged2e.sty
Package: ragged2e 2023/06/22 v3.6 ragged2e Package
\CenteringLeftskip=\skip62
\RaggedLeftLeftskip=\skip63
\RaggedRightLeftskip=\skip64
\CenteringRightskip=\skip65
\RaggedLeftRightskip=\skip66
\RaggedRightRightskip=\skip67
\CenteringParfillskip=\skip68
\RaggedLeftParfillskip=\skip69
\RaggedRightParfillskip=\skip70
\JustifyingParfillskip=\skip71
\CenteringParindent=\skip72
\RaggedLeftParindent=\skip73
\RaggedRightParindent=\skip74
\JustifyingParindent=\skip75
)
\myitemwidth=\skip76
\enitdp@myacronymlist=\count370
 (/usr/share/texmf-dist/tex/latex/glossaries-extra/glossaries-extra.sty
Package: glossaries-extra 2025/11/03 v1.9 (NLCT)
 (/usr/share/texmf-dist/tex/latex/xkeyval/xkeyval.sty
Package: xkeyval 2025/11/04 v2.10 package option processing (HA)
 (/usr/share/texmf-dist/tex/generic/xkeyval/xkeyval.tex (/usr/share/texmf-dist/tex/generic/xkeyval/xkvutils.tex
\XKV@toks=\toks30
\XKV@tempa@toks=\toks31
\XKV@tempb@toks=\toks32
)
\XKV@depth=\count371
File: xkeyval.tex 2014/12/03 v2.7a key=value parser (HA)
)) (/usr/share/texmf-dist/tex/latex/glossaries/base/glossaries.sty
Package: glossaries 2025/11/09 v4.9 (NLCT)
 (/usr/share/texmf-dist/tex/latex/xfor/xfor.sty
Package: xfor 2009/02/05 v1.05 (NLCT)
) (/usr/share/texmf-dist/tex/latex/amsmath/amsgen.sty
File: amsgen.sty 1999/11/30 v2.0 generic functions
\@emptytoks=\toks33
\ex@=\dimen196
) (/usr/share/texmf-dist/tex/latex/tracklang/tracklang.sty
Package: tracklang 2025/03/11 v1.6.6 (NLCT) Track Languages
 (/usr/share/texmf-dist/tex/generic/tracklang/tracklang.tex)
Package tracklang Info: Tracking dialect `english' (language `english') on input line 264.
Package tracklang Info: Tracking dialect `afrikaans' (language `afrikaans') on input line 264.
Package tracklang Info: Tracking dialect `english' (language `english') on input line 264.
) (/usr/share/texmf-dist/tex/latex/glossaries-english/glossaries-english.ldf
File: glossaries-english.ldf 2014/11/23 v1.0
) (/usr/share/texmf-dist/tex/latex/datatool/datatool-base.sty
Package: datatool-base 2025/12/04 v3.4.3 (NLCT)
 (/usr/share/texmf-dist/tex/latex/amsmath/amsmath.sty
Package: amsmath 2025/07/09 v2.17z AMS math features
\@mathmargin=\skip77

For additional information on amsmath, use the `?' option.
(/usr/share/texmf-dist/tex/latex/amsmath/amstext.sty
Package: amstext 2024/11/17 v2.01 AMS text
) (/usr/share/texmf-dist/tex/latex/amsmath/amsbsy.sty
Package: amsbsy 1999/11/29 v1.2d Bold Symbols
\pmbraise@=\dimen197
) (/usr/share/texmf-dist/tex/latex/amsmath/amsopn.sty
Package: amsopn 2022/04/08 v2.04 operator names
)
\inf@bad=\count372
LaTeX Info: Redefining \frac on input line 233.
\uproot@=\count373
\leftroot@=\count374
LaTeX Info: Redefining \overline on input line 398.
LaTeX Info: Redefining \colon on input line 409.
\classnum@=\count375
\DOTSCASE@=\count376
LaTeX Info: Redefining \ldots on input line 495.
LaTeX Info: Redefining \dots on input line 498.
LaTeX Info: Redefining \cdots on input line 619.
\Mathstrutbox@=\box111
\strutbox@=\box112
LaTeX Info: Redefining \big on input line 721.
LaTeX Info: Redefining \Big on input line 722.
LaTeX Info: Redefining \bigg on input line 723.
LaTeX Info: Redefining \Bigg on input line 724.
\big@size=\dimen198
LaTeX Font Info:    Redeclaring font encoding OML on input line 742.
LaTeX Font Info:    Redeclaring font encoding OMS on input line 743.
\macc@depth=\count377
LaTeX Info: Redefining \bmod on input line 904.
LaTeX Info: Redefining \pmod on input line 909.
LaTeX Info: Redefining \smash on input line 939.
LaTeX Info: Redefining \relbar on input line 969.
LaTeX Info: Redefining \Relbar on input line 970.
\c@MaxMatrixCols=\count378
\dotsspace@=\muskip17
\c@parentequation=\count379
\dspbrk@lvl=\count380
\tag@help=\toks34
\row@=\count381
\column@=\count382
\maxfields@=\count383
\andhelp@=\toks35
\eqnshift@=\dimen199
\alignsep@=\dimen256
\tagshift@=\dimen257
\tagwidth@=\dimen258
\totwidth@=\dimen259
\lineht@=\dimen260
\@envbody=\toks36
\multlinegap=\skip78
\multlinetaggap=\skip79
\mathdisplay@stack=\toks37
LaTeX Info: Redefining \[ on input line 2950.
LaTeX Info: Redefining \] on input line 2951.
)
\l__datatool_tmpa_int=\count384
\l__datatool_tmpb_int=\count385
\l__datatool_tmpc_int=\count386
\l__datatool_tmpd_int=\count387
\l__datatool_count_int=\count388
\l__datatool_tmp_datatype_int=\count389
\l__datatool_tmpa_dim=\dimen261
\l__datatool_tmpb_dim=\dimen262
Package datatool-base Info: localisation warnings switched off (including tracklang warnings) on input line 944.
 (/usr/share/texmf-dist/tex/latex/datatool/datatool-l3fp.def
File: datatool-l3fp.def 2025/12/04 v3.4.3 (NLCT)
)
\@dtl@toks=\toks38
\@dtl@tmpcount=\count390
\dtl@tmplength=\skip80
\l__datatool_measure_box=\box113
\dtl@sortresult=\count391
 (/usr/share/texmf-dist/tex/latex/datatool/datatool-utf8.ldf
File: datatool-utf8.ldf 2025/12/04 v3.4.3 (NLCT)
)
\@dtl@datatype=\count392
\c_datatool_unknown_int=\count393
\l__datatool_year_int=\count394
\l__datatool_month_int=\count395
\l__datatool_day_int=\count396
\l__datatool_hour_int=\count397
\l__datatool_minute_int=\count398
\l__datatool_second_int=\count399
\l__datatool_tzhour_int=\count400
\l__datatool_tzminute_int=\count401
\l__datatool_julian_int=\count402
\l__datatool_local_julian_int=\count403
\l__datatool_prefix_int=\count404
\l__datatool_suffix_int=\count405
\@dtl@foreach@level=\count406
 (/usr/share/texmf-dist/tex/latex/datatool-english/datatool-english.ldf
File: datatool-english.ldf 2025/03/12 v1.1 (NLCT)
 (/usr/share/texmf-dist/tex/latex/datatool-english/datatool-english-utf8.ldf
File: datatool-english-utf8.ldf 2025/03/12 v1.1 (NLCT)
))
\dtl@codeA=\count407
\dtl@codeB=\count408
)
\gls@level=\count409
\@gls@tmpb=\toks39
\gls@tmplen=\skip81
\l__glossaries_tmpa_dim=\dimen263
\l__glossaries_tmpb_dim=\dimen264
\glskeylisttok=\toks40
\glslabeltok=\toks41
\glsshorttok=\toks42
\glslongtok=\toks43
 (/usr/share/texmf-dist/tex/latex/glossaries/styles/glossary-hypernav.sty
Package: glossary-hypernav 2025/11/09 v4.9 (NLCT)
) (/usr/share/texmf-dist/tex/latex/glossaries/styles/glossary-list.sty
Package: glossary-list 2025/11/09 v4.9 (NLCT)
\glslistdottedwidth=\skip82
) (/usr/share/texmf-dist/tex/latex/glossaries/styles/glossary-long.sty
Package: glossary-long 2025/11/09 v4.9 (NLCT)
 (/usr/share/texmf-dist/tex/latex/tools/longtable.sty
Package: longtable 2025-10-13 v4.24 Multi-page Table package (DPC)
\LTleft=\skip83
\LTright=\skip84
\LTpre=\skip85
\LTpost=\skip86
\LTchunksize=\count410
\LTcapwidth=\dimen265
\LT@head=\box114
\LT@firsthead=\box115
\LT@foot=\box116
\LT@lastfoot=\box117
\LT@gbox=\box118
\LT@cols=\count411
\LT@rows=\count412
\c@LT@tables=\count413
\c@LT@chunks=\count414
\LT@p@ftn=\toks44
)
\glsdescwidth=\skip87
\glspagelistwidth=\skip88
) (/usr/share/texmf-dist/tex/latex/glossaries/styles/glossary-super.sty
Package: glossary-super 2025/11/09 v4.9 (NLCT)
 (/usr/share/texmf-dist/tex/latex/supertabular/supertabular.sty
Package: supertabular 2025/06/26 v4.2d the supertabular environment
\c@tracingst=\count415
\ST@wd=\dimen266
\ST@rightskip=\skip89
\ST@leftskip=\skip90
\ST@parfillskip=\skip91
\ST@pageleft=\dimen267
\ST@headht=\dimen268
\ST@tailht=\dimen269
\ST@pagesofar=\dimen270
\ST@pboxht=\dimen271
\ST@rowht=\dimen272
\ST@prevht=\dimen273
\ST@toadd=\dimen274
\ST@dimen=\dimen275
\ST@pbox=\box119
)) (/usr/share/texmf-dist/tex/latex/glossaries/styles/glossary-tree.sty
Package: glossary-tree 2025/11/09 v4.9 (NLCT)
\l__glossaries_tree_max_known_level_int=\count416
\l__glossaries_tree_offset_dim=\dimen276
\l__glossaries_tree_namewidth_dim=\dimen277
\l__glossaries_tree_symbolwidth_dim=\dimen278
\l__glossaries_tree_prenamesym_width_dim=\dimen279
\l__glossaries_tree_presubnamesym_width_dim=\dimen280
\l__glossaries_tree_namewidth_padding_dim=\dimen281
\l__glossaries_tree_symbolwidth_padding_dim=\dimen282
\l__glossaries_tree_namesymbolwidth_dim=\dimen283
\l__glossaries_tree_namesymbolwidth_padding_dim=\dimen284
\l__glossaries_tree_level_int=\count417
\glstreeindent=\skip92
))
\@glsxtr@leveloffset=\count418
\glsxtrresourcecount=\count419
\@glsxtrnewgls@inner=\count420
\glsshortpltok=\toks45
\glslongpltok=\toks46
 (/usr/share/texmf-dist/tex/latex/glossaries-extra/glossaries-extra-abbrstyles.def
File: glossaries-extra-abbrstyles.def 2025/11/03 v1.9 (NLCT)
)
\mglselementindex=\count421
) (/usr/share/texmf-dist/tex/latex/glossaries/styles/glossary-superragged.sty
Package: glossary-superragged 2025/11/09 v4.9 (NLCT)
 (/usr/share/texmf-dist/tex/latex/tools/array.sty
Package: array 2025/09/25 v2.6n Tabular extension package (FMi)
\col@sep=\dimen285
\ar@mcellbox=\box120
\extrarowheight=\dimen286
\NC@list=\toks47
\extratabsurround=\skip93
\backup@length=\skip94
\ar@cellbox=\box121
)) (/usr/share/texmf-dist/tex/latex/nomencl/nomencl.sty
Package: nomencl 2021/11/10 v5.6 Nomenclature package
 (/usr/share/texmf-dist/tex/latex/koma-script/tocbasic.sty
Package: tocbasic 2026/02/02 v3.49.2 KOMA-Script package (handling toc-files)
 (/usr/share/texmf-dist/tex/latex/koma-script/scrbase.sty
Package: scrbase 2026/02/02 v3.49.2 KOMA-Script package (KOMA-Script-independent basics and keyval usage)
 (/usr/share/texmf-dist/tex/latex/koma-script/scrlfile.sty
Package: scrlfile 2026/02/02 v3.49.2 KOMA-Script package (file load hooks)
 (/usr/share/texmf-dist/tex/latex/koma-script/scrlfile-hook.sty
Package: scrlfile-hook 2026/02/02 v3.49.2 KOMA-Script package (using LaTeX hooks)
 (/usr/share/texmf-dist/tex/latex/koma-script/scrlogo.sty
Package: scrlogo 2026/02/02 v3.49.2 KOMA-Script package (logo)
)))
Applying: [2021/05/01] Usage of raw or classic option list on input line 254.
Already applied: [0000/00/00] Usage of raw or classic option list on input line 370.
)
\scr@dte@tocline@numberwidth=\skip95
\scr@dte@tocline@numbox=\box122
)
Package tocbasic Info: setting babel extension for `nlo' on input line 187.
Package tocbasic Info: setting babel extension for `nls' on input line 188.
\nomlabelwidth=\dimen287
\nom@tempdim=\dimen288
\nomitemsep=\skip96
) (/usr/share/texmf-dist/tex/latex/tools/tabularx.sty
Package: tabularx 2023/12/11 v2.12a `tabularx' package (DPC)
\TX@col@width=\dimen289
\TX@old@table=\dimen290
\TX@old@col=\dimen291
\TX@target=\dimen292
\TX@delta=\dimen293
\TX@cols=\count422
\TX@ftn=\toks48
) (/usr/share/texmf-dist/tex/latex/booktabs/booktabs.sty
Package: booktabs 2020/01/12 v1.61803398 Publication quality tables
\heavyrulewidth=\dimen294
\lightrulewidth=\dimen295
\cmidrulewidth=\dimen296
\belowrulesep=\dimen297
\belowbottomsep=\dimen298
\aboverulesep=\dimen299
\abovetopsep=\dimen300
\cmidrulesep=\dimen301
\cmidrulekern=\dimen302
\defaultaddspace=\dimen303
\@cmidla=\count423
\@cmidlb=\count424
\@aboverulesep=\dimen304
\@belowrulesep=\dimen305
\@thisruleclass=\count425
\@lastruleclass=\count426
\@thisrulewidth=\dimen306
)
\mycolwidth=\skip97
\@nomenclaturefile=\write3
\openout3 = `thesis.nlo'.

Package nomencl Info: Writing nomenclature file thesis.nlo on input line 232.
 (/usr/share/texmf-dist/tex/latex/amsfonts/amssymb.sty
Package: amssymb 2013/01/14 v3.01 AMS font symbols
 (/usr/share/texmf-dist/tex/latex/amsfonts/amsfonts.sty
Package: amsfonts 2013/01/14 v3.01 Basic AMSFonts support
\symAMSa=\mathgroup4
\symAMSb=\mathgroup5
LaTeX Font Info:    Redeclaring math symbol \hbar on input line 98.
LaTeX Font Info:    Overwriting math alphabet `\mathfrak' in version `bold'
(Font)                  U/euf/m/n --> U/euf/b/n on input line 106.
)) (/usr/share/texmf-dist/tex/latex/cancel/cancel.sty
Package: cancel 2013/04/12 v2.2 Cancel math terms
) (/usr/share/texmf-dist/tex/latex/placeins/placeins.sty
Package: placeins 2005/04/18  v 2.2
) (/usr/share/texmf-dist/tex/latex/colortbl/colortbl.sty
Package: colortbl 2024/10/29 v1.0k Color table columns (DPC)
\everycr=\toks49
\minrowclearance=\skip98
\rownum=\count427
) (/usr/share/texmf-dist/tex/latex/caption/ltcaption.sty
Package: ltcaption 2021/01/08 v1.4c longtable captions (AR)
) (/usr/share/texmf-dist/tex/latex/multirow/multirow.sty
Package: multirow 2024/11/12 v2.9 Span multiple rows of a table
\multirow@colwidth=\skip99
\multirow@cntb=\count428
\multirow@dima=\skip100
\bigstrutjot=\dimen307
) (/usr/share/texmf-dist/tex/latex/base/fontenc.sty
Package: fontenc 2025/07/18 v2.1d Standard LaTeX package
) (/usr/share/texmf-dist/tex/latex/lm/lmodern.sty
Package: lmodern 2015/05/01 v1.6.1 Latin Modern Fonts
LaTeX Font Info:    Overwriting symbol font `operators' in version `normal'
(Font)                  OT1/cmr/m/n --> OT1/lmr/m/n on input line 22.
LaTeX Font Info:    Overwriting symbol font `letters' in version `normal'
(Font)                  OML/cmm/m/it --> OML/lmm/m/it on input line 23.
LaTeX Font Info:    Overwriting symbol font `symbols' in version `normal'
(Font)                  OMS/cmsy/m/n --> OMS/lmsy/m/n on input line 24.
LaTeX Font Info:    Overwriting symbol font `largesymbols' in version `normal'
(Font)                  OMX/cmex/m/n --> OMX/lmex/m/n on input line 25.
LaTeX Font Info:    Overwriting symbol font `operators' in version `bold'
(Font)                  OT1/cmr/bx/n --> OT1/lmr/bx/n on input line 26.
LaTeX Font Info:    Overwriting symbol font `letters' in version `bold'
(Font)                  OML/cmm/b/it --> OML/lmm/b/it on input line 27.
LaTeX Font Info:    Overwriting symbol font `symbols' in version `bold'
(Font)                  OMS/cmsy/b/n --> OMS/lmsy/b/n on input line 28.
LaTeX Font Info:    Overwriting symbol font `largesymbols' in version `bold'
(Font)                  OMX/cmex/m/n --> OMX/lmex/m/n on input line 29.
LaTeX Font Info:    Overwriting math alphabet `\mathbf' in version `normal'
(Font)                  OT1/cmr/bx/n --> OT1/lmr/bx/n on input line 31.
LaTeX Font Info:    Overwriting math alphabet `\mathsf' in version `normal'
(Font)                  OT1/cmss/m/n --> OT1/lmss/m/n on input line 32.
LaTeX Font Info:    Overwriting math alphabet `\mathit' in version `normal'
(Font)                  OT1/cmr/m/it --> OT1/lmr/m/it on input line 33.
LaTeX Font Info:    Overwriting math alphabet `\mathtt' in version `normal'
(Font)                  OT1/cmtt/m/n --> OT1/lmtt/m/n on input line 34.
LaTeX Font Info:    Overwriting math alphabet `\mathbf' in version `bold'
(Font)                  OT1/cmr/bx/n --> OT1/lmr/bx/n on input line 35.
LaTeX Font Info:    Overwriting math alphabet `\mathsf' in version `bold'
(Font)                  OT1/cmss/bx/n --> OT1/lmss/bx/n on input line 36.
LaTeX Font Info:    Overwriting math alphabet `\mathit' in version `bold'
(Font)                  OT1/cmr/bx/it --> OT1/lmr/bx/it on input line 37.
LaTeX Font Info:    Overwriting math alphabet `\mathtt' in version `bold'
(Font)                  OT1/cmtt/m/n --> OT1/lmtt/m/n on input line 38.
)
LaTeX Font Info:    Trying to load font information for T1+lmr on input line 313.
 (/usr/share/texmf-dist/tex/latex/lm/t1lmr.fd
File: t1lmr.fd 2015/05/01 v1.6.1 Font defs for Latin Modern
) (/usr/share/texmf-dist/tex/latex/makecell/makecell.sty
Package: makecell 2009/08/03 V0.1e Managing of Tab Column Heads and Cells
\rotheadsize=\dimen308
\c@nlinenum=\count429
\TeXr@lab=\toks50
) (/usr/share/texmf-dist/tex/latex/mdframed/mdframed.sty
Package: mdframed 2013/07/01 1.9b: mdframed
 (/usr/share/texmf-dist/tex/latex/kvoptions/kvoptions.sty
Package: kvoptions 2022-06-15 v3.15 Key value format for package options (HO)
 (/usr/share/texmf-dist/tex/latex/kvsetkeys/kvsetkeys.sty
Package: kvsetkeys 2022-10-05 v1.19 Key value parser (HO)
)) (/usr/share/texmf-dist/tex/latex/l3packages/xparse/xparse.sty
Package: xparse 2025-10-09 L3 Experimental document command parser
) (/usr/share/texmf-dist/tex/latex/zref/zref-abspage.sty
Package: zref-abspage 2025-06-08 v2.36 Module abspage for zref (HO)
 (/usr/share/texmf-dist/tex/latex/zref/zref-base.sty
Package: zref-base 2025-06-08 v2.36 Module base for zref (HO)
 (/usr/share/texmf-dist/tex/generic/kvdefinekeys/kvdefinekeys.sty
Package: kvdefinekeys 2019-12-19 v1.6 Define keys (HO)
) (/usr/share/texmf-dist/tex/generic/etexcmds/etexcmds.sty
Package: etexcmds 2019/12/15 v1.7 Avoid name clashes with e-TeX commands (HO)
) (/usr/share/texmf-dist/tex/latex/auxhook/auxhook.sty
Package: auxhook 2019-12-17 v1.6 Hooks for auxiliary files (HO)
)
Package zref Info: New property list: main on input line 767.
Package zref Info: New property: default on input line 768.
Package zref Info: New property: page on input line 769.
)
\c@abspage=\count430
Package zref Info: New property: abspage on input line 67.
) (/usr/share/texmf-dist/tex/latex/needspace/needspace.sty
Package: needspace 2025/03/13 v1.3e reserve vertical space
)
\mdf@templength=\skip101
\c@mdf@globalstyle@cnt=\count431
\mdf@skipabove@length=\skip102
\mdf@skipbelow@length=\skip103
\mdf@leftmargin@length=\skip104
\mdf@rightmargin@length=\skip105
\mdf@innerleftmargin@length=\skip106
\mdf@innerrightmargin@length=\skip107
\mdf@innertopmargin@length=\skip108
\mdf@innerbottommargin@length=\skip109
\mdf@splittopskip@length=\skip110
\mdf@splitbottomskip@length=\skip111
\mdf@outermargin@length=\skip112
\mdf@innermargin@length=\skip113
\mdf@linewidth@length=\skip114
\mdf@innerlinewidth@length=\skip115
\mdf@middlelinewidth@length=\skip116
\mdf@outerlinewidth@length=\skip117
\mdf@roundcorner@length=\skip118
\mdf@footenotedistance@length=\skip119
\mdf@userdefinedwidth@length=\skip120
\mdf@needspace@length=\skip121
\mdf@frametitleaboveskip@length=\skip122
\mdf@frametitlebelowskip@length=\skip123
\mdf@frametitlerulewidth@length=\skip124
\mdf@frametitleleftmargin@length=\skip125
\mdf@frametitlerightmargin@length=\skip126
\mdf@shadowsize@length=\skip127
\mdf@extratopheight@length=\skip128
\mdf@subtitleabovelinewidth@length=\skip129
\mdf@subtitlebelowlinewidth@length=\skip130
\mdf@subtitleaboveskip@length=\skip131
\mdf@subtitlebelowskip@length=\skip132
\mdf@subtitleinneraboveskip@length=\skip133
\mdf@subtitleinnerbelowskip@length=\skip134
\mdf@subsubtitleabovelinewidth@length=\skip135
\mdf@subsubtitlebelowlinewidth@length=\skip136
\mdf@subsubtitleaboveskip@length=\skip137
\mdf@subsubtitlebelowskip@length=\skip138
\mdf@subsubtitleinneraboveskip@length=\skip139
\mdf@subsubtitleinnerbelowskip@length=\skip140
 (/usr/share/texmf-dist/tex/latex/mdframed/md-frame-0.mdf
File: md-frame-0.mdf 2013/07/01\ 1.9b: md-frame-0
)
\mdf@frametitlebox=\box123
\mdf@footnotebox=\box124
\mdf@splitbox@one=\box125
\mdf@splitbox@two=\box126
\mdf@splitbox@save=\box127
\mdfsplitboxwidth=\skip141
\mdfsplitboxtotalwidth=\skip142
\mdfsplitboxheight=\skip143
\mdfsplitboxdepth=\skip144
\mdfsplitboxtotalheight=\skip145
\mdfframetitleboxwidth=\skip146
\mdfframetitleboxtotalwidth=\skip147
\mdfframetitleboxheight=\skip148
\mdfframetitleboxdepth=\skip149
\mdfframetitleboxtotalheight=\skip150
\mdffootnoteboxwidth=\skip151
\mdffootnoteboxtotalwidth=\skip152
\mdffootnoteboxheight=\skip153
\mdffootnoteboxdepth=\skip154
\mdffootnoteboxtotalheight=\skip155
\mdftotallinewidth=\skip156
\mdfboundingboxwidth=\skip157
\mdfboundingboxtotalwidth=\skip158
\mdfboundingboxheight=\skip159
\mdfboundingboxdepth=\skip160
\mdfboundingboxtotalheight=\skip161
\mdf@freevspace@length=\skip162
\mdf@horizontalwidthofbox@length=\skip163
\mdf@verticalmarginwhole@length=\skip164
\mdf@horizontalspaceofbox=\skip165
\mdfsubtitleheight=\skip166
\mdfsubsubtitleheight=\skip167
\c@mdfcountframes=\count432

****** mdframed patching \endmdf@trivlist

****** -- success******

\mdf@envdepth=\count433
\c@mdf@env@i=\count434
\c@mdf@env@ii=\count435
\c@mdf@zref@counter=\count436
Package zref Info: New property: mdf@pagevalue on input line 895.
) (/usr/share/texmf-dist/tex/latex/environ/environ.sty
Package: environ 2014/05/04 v0.3 A new way to define environments
 (/usr/share/texmf-dist/tex/latex/trimspaces/trimspaces.sty
Package: trimspaces 2009/09/17 v1.1 Trim spaces around a token list
)) (/usr/share/texmf-dist/tex/latex/pgf/frontendlayer/tikz.sty (/usr/share/texmf-dist/tex/latex/pgf/basiclayer/pgf.sty (/usr/share/texmf-dist/tex/latex/pgf/utilities/pgfrcs.sty (/usr/share/texmf-dist/tex/generic/pgf/utilities/pgfutil-common.tex
\pgfutil@everybye=\toks51
\pgfutil@tempdima=\dimen309
\pgfutil@tempdimb=\dimen310
) (/usr/share/texmf-dist/tex/generic/pgf/utilities/pgfutil-latex.def
\pgfutil@abb=\box128
) (/usr/share/texmf-dist/tex/generic/pgf/utilities/pgfrcs.code.tex (/usr/share/texmf-dist/tex/generic/pgf/pgf.revision.tex)
Package: pgfrcs 2025-08-29 v3.1.11a (3.1.11a)
))
Package: pgf 2025-08-29 v3.1.11a (3.1.11a)
 (/usr/share/texmf-dist/tex/latex/pgf/basiclayer/pgfcore.sty (/usr/share/texmf-dist/tex/latex/pgf/systemlayer/pgfsys.sty (/usr/share/texmf-dist/tex/generic/pgf/systemlayer/pgfsys.code.tex
Package: pgfsys 2025-08-29 v3.1.11a (3.1.11a)
 (/usr/share/texmf-dist/tex/generic/pgf/utilities/pgfkeys.code.tex
\pgfkeys@pathtoks=\toks52
\pgfkeys@temptoks=\toks53
 (/usr/share/texmf-dist/tex/generic/pgf/utilities/pgfkeyslibraryfiltered.code.tex
\pgfkeys@tmptoks=\toks54
))
\pgf@x=\dimen311
\pgf@y=\dimen312
\pgf@xa=\dimen313
\pgf@ya=\dimen314
\pgf@xb=\dimen315
\pgf@yb=\dimen316
\pgf@xc=\dimen317
\pgf@yc=\dimen318
\pgf@xd=\dimen319
\pgf@yd=\dimen320
\w@pgf@writea=\write4
\r@pgf@reada=\read3
\c@pgf@counta=\count437
\c@pgf@countb=\count438
\c@pgf@countc=\count439
\c@pgf@countd=\count440
\t@pgf@toka=\toks55
\t@pgf@tokb=\toks56
\t@pgf@tokc=\toks57
\pgf@sys@id@count=\count441
 (/usr/share/texmf-dist/tex/generic/pgf/systemlayer/pgf.cfg
File: pgf.cfg 2025-08-29 v3.1.11a (3.1.11a)
)
Driver file for pgf: pgfsys-pdftex.def
 (/usr/share/texmf-dist/tex/generic/pgf/systemlayer/pgfsys-pdftex.def
File: pgfsys-pdftex.def 2025-08-29 v3.1.11a (3.1.11a)
 (/usr/share/texmf-dist/tex/generic/pgf/systemlayer/pgfsys-common-pdf.def
File: pgfsys-common-pdf.def 2025-08-29 v3.1.11a (3.1.11a)
))) (/usr/share/texmf-dist/tex/generic/pgf/systemlayer/pgfsyssoftpath.code.tex
File: pgfsyssoftpath.code.tex 2025-08-29 v3.1.11a (3.1.11a)
\pgfsyssoftpath@smallbuffer@items=\count442
\pgfsyssoftpath@bigbuffer@items=\count443
) (/usr/share/texmf-dist/tex/generic/pgf/systemlayer/pgfsysprotocol.code.tex
File: pgfsysprotocol.code.tex 2025-08-29 v3.1.11a (3.1.11a)
)) (/usr/share/texmf-dist/tex/generic/pgf/basiclayer/pgfcore.code.tex
Package: pgfcore 2025-08-29 v3.1.11a (3.1.11a)
 (/usr/share/texmf-dist/tex/generic/pgf/math/pgfmath.code.tex (/usr/share/texmf-dist/tex/generic/pgf/math/pgfmathutil.code.tex) (/usr/share/texmf-dist/tex/generic/pgf/math/pgfmathparser.code.tex
\pgfmath@dimen=\dimen321
\pgfmath@count=\count444
\pgfmath@box=\box129
\pgfmath@toks=\toks58
\pgfmath@stack@operand=\toks59
\pgfmath@stack@operation=\toks60
) (/usr/share/texmf-dist/tex/generic/pgf/math/pgfmathfunctions.code.tex) (/usr/share/texmf-dist/tex/generic/pgf/math/pgfmathfunctions.basic.code.tex) (/usr/share/texmf-dist/tex/generic/pgf/math/pgfmathfunctions.trigonometric.code.tex) (/usr/share/texmf-dist/tex/generic/pgf/math/pgfmathfunctions.random.code.tex) (/usr/share/texmf-dist/tex/generic/pgf/math/pgfmathfunctions.comparison.code.tex) (/usr/share/texmf-dist/tex/generic/pgf/math/pgfmathfunctions.base.code.tex) (/usr/share/texmf-dist/tex/generic/pgf/math/pgfmathfunctions.round.code.tex) (/usr/share/texmf-dist/tex/generic/pgf/math/pgfmathfunctions.misc.code.tex) (/usr/share/texmf-dist/tex/generic/pgf/math/pgfmathfunctions.integerarithmetics.code.tex) (/usr/share/texmf-dist/tex/generic/pgf/math/pgfmathcalc.code.tex) (/usr/share/texmf-dist/tex/generic/pgf/math/pgfmathfloat.code.tex
\c@pgfmathroundto@lastzeros=\count445
)) (/usr/share/texmf-dist/tex/generic/pgf/math/pgfint.code.tex) (/usr/share/texmf-dist/tex/generic/pgf/basiclayer/pgfcorepoints.code.tex
File: pgfcorepoints.code.tex 2025-08-29 v3.1.11a (3.1.11a)
\pgf@picminx=\dimen322
\pgf@picmaxx=\dimen323
\pgf@picminy=\dimen324
\pgf@picmaxy=\dimen325
\pgf@pathminx=\dimen326
\pgf@pathmaxx=\dimen327
\pgf@pathminy=\dimen328
\pgf@pathmaxy=\dimen329
\pgf@xx=\dimen330
\pgf@xy=\dimen331
\pgf@yx=\dimen332
\pgf@yy=\dimen333
\pgf@zx=\dimen334
\pgf@zy=\dimen335
) (/usr/share/texmf-dist/tex/generic/pgf/basiclayer/pgfcorepathconstruct.code.tex
File: pgfcorepathconstruct.code.tex 2025-08-29 v3.1.11a (3.1.11a)
\pgf@path@lastx=\dimen336
\pgf@path@lasty=\dimen337
) (/usr/share/texmf-dist/tex/generic/pgf/basiclayer/pgfcorepathusage.code.tex
File: pgfcorepathusage.code.tex 2025-08-29 v3.1.11a (3.1.11a)
\pgf@shorten@end@additional=\dimen338
\pgf@shorten@start@additional=\dimen339
) (/usr/share/texmf-dist/tex/generic/pgf/basiclayer/pgfcorescopes.code.tex
File: pgfcorescopes.code.tex 2025-08-29 v3.1.11a (3.1.11a)
\pgfpic=\box130
\pgf@hbox=\box131
\pgf@layerbox@main=\box132
\pgf@picture@serial@count=\count446
) (/usr/share/texmf-dist/tex/generic/pgf/basiclayer/pgfcoregraphicstate.code.tex
File: pgfcoregraphicstate.code.tex 2025-08-29 v3.1.11a (3.1.11a)
\pgflinewidth=\dimen340
) (/usr/share/texmf-dist/tex/generic/pgf/basiclayer/pgfcoretransformations.code.tex
File: pgfcoretransformations.code.tex 2025-08-29 v3.1.11a (3.1.11a)
\pgf@pt@x=\dimen341
\pgf@pt@y=\dimen342
\pgf@pt@temp=\dimen343
) (/usr/share/texmf-dist/tex/generic/pgf/basiclayer/pgfcorequick.code.tex
File: pgfcorequick.code.tex 2025-08-29 v3.1.11a (3.1.11a)
) (/usr/share/texmf-dist/tex/generic/pgf/basiclayer/pgfcoreobjects.code.tex
File: pgfcoreobjects.code.tex 2025-08-29 v3.1.11a (3.1.11a)
) (/usr/share/texmf-dist/tex/generic/pgf/basiclayer/pgfcorepathprocessing.code.tex
File: pgfcorepathprocessing.code.tex 2025-08-29 v3.1.11a (3.1.11a)
) (/usr/share/texmf-dist/tex/generic/pgf/basiclayer/pgfcorearrows.code.tex
File: pgfcorearrows.code.tex 2025-08-29 v3.1.11a (3.1.11a)
\pgfarrowsep=\dimen344
) (/usr/share/texmf-dist/tex/generic/pgf/basiclayer/pgfcoreshade.code.tex
File: pgfcoreshade.code.tex 2025-08-29 v3.1.11a (3.1.11a)
\pgf@max=\dimen345
\pgf@sys@shading@range@num=\count447
\pgf@shadingcount=\count448
) (/usr/share/texmf-dist/tex/generic/pgf/basiclayer/pgfcoreimage.code.tex
File: pgfcoreimage.code.tex 2025-08-29 v3.1.11a (3.1.11a)
) (/usr/share/texmf-dist/tex/generic/pgf/basiclayer/pgfcoreexternal.code.tex
File: pgfcoreexternal.code.tex 2025-08-29 v3.1.11a (3.1.11a)
\pgfexternal@startupbox=\box133
) (/usr/share/texmf-dist/tex/generic/pgf/basiclayer/pgfcorelayers.code.tex
File: pgfcorelayers.code.tex 2025-08-29 v3.1.11a (3.1.11a)
) (/usr/share/texmf-dist/tex/generic/pgf/basiclayer/pgfcoretransparency.code.tex
File: pgfcoretransparency.code.tex 2025-08-29 v3.1.11a (3.1.11a)
) (/usr/share/texmf-dist/tex/generic/pgf/basiclayer/pgfcorepatterns.code.tex
File: pgfcorepatterns.code.tex 2025-08-29 v3.1.11a (3.1.11a)
) (/usr/share/texmf-dist/tex/generic/pgf/basiclayer/pgfcorerdf.code.tex
File: pgfcorerdf.code.tex 2025-08-29 v3.1.11a (3.1.11a)
))) (/usr/share/texmf-dist/tex/generic/pgf/modules/pgfmoduleshapes.code.tex
File: pgfmoduleshapes.code.tex 2025-08-29 v3.1.11a (3.1.11a)
\pgfnodeparttextbox=\box134
) (/usr/share/texmf-dist/tex/generic/pgf/modules/pgfmoduleplot.code.tex
File: pgfmoduleplot.code.tex 2025-08-29 v3.1.11a (3.1.11a)
) (/usr/share/texmf-dist/tex/latex/pgf/compatibility/pgfcomp-version-0-65.sty
Package: pgfcomp-version-0-65 2025-08-29 v3.1.11a (3.1.11a)
\pgf@nodesepstart=\dimen346
\pgf@nodesepend=\dimen347
) (/usr/share/texmf-dist/tex/latex/pgf/compatibility/pgfcomp-version-1-18.sty
Package: pgfcomp-version-1-18 2025-08-29 v3.1.11a (3.1.11a)
)) (/usr/share/texmf-dist/tex/latex/pgf/utilities/pgffor.sty (/usr/share/texmf-dist/tex/latex/pgf/utilities/pgfkeys.sty (/usr/share/texmf-dist/tex/generic/pgf/utilities/pgfkeys.code.tex)) (/usr/share/texmf-dist/tex/latex/pgf/math/pgfmath.sty (/usr/share/texmf-dist/tex/generic/pgf/math/pgfmath.code.tex)) (/usr/share/texmf-dist/tex/generic/pgf/utilities/pgffor.code.tex
Package: pgffor 2025-08-29 v3.1.11a (3.1.11a)
\pgffor@iter=\dimen348
\pgffor@skip=\dimen349
\pgffor@stack=\toks61
\pgffor@toks=\toks62
)) (/usr/share/texmf-dist/tex/generic/pgf/frontendlayer/tikz/tikz.code.tex
Package: tikz 2025-08-29 v3.1.11a (3.1.11a)
 (/usr/share/texmf-dist/tex/generic/pgf/libraries/pgflibraryplothandlers.code.tex
File: pgflibraryplothandlers.code.tex 2025-08-29 v3.1.11a (3.1.11a)
\pgf@plot@mark@count=\count449
\pgfplotmarksize=\dimen350
)
\tikz@lastx=\dimen351
\tikz@lasty=\dimen352
\tikz@lastxsaved=\dimen353
\tikz@lastysaved=\dimen354
\tikz@lastmovetox=\dimen355
\tikz@lastmovetoy=\dimen356
\tikzleveldistance=\dimen357
\tikzsiblingdistance=\dimen358
\tikz@figbox=\box135
\tikz@figbox@bg=\box136
\tikz@tempbox=\box137
\tikz@tempbox@bg=\box138
\tikztreelevel=\count450
\tikznumberofchildren=\count451
\tikznumberofcurrentchild=\count452
\tikz@fig@count=\count453
 (/usr/share/texmf-dist/tex/generic/pgf/modules/pgfmodulematrix.code.tex
File: pgfmodulematrix.code.tex 2025-08-29 v3.1.11a (3.1.11a)
\pgfmatrixcurrentrow=\count454
\pgfmatrixcurrentcolumn=\count455
\pgf@matrix@numberofcolumns=\count456
)
\tikz@expandcount=\count457
 (/usr/share/texmf-dist/tex/generic/pgf/frontendlayer/tikz/libraries/tikzlibrarytopaths.code.tex
File: tikzlibrarytopaths.code.tex 2025-08-29 v3.1.11a (3.1.11a)
))) (/usr/share/texmf-dist/tex/generic/pgf/frontendlayer/tikz/libraries/tikzlibraryfit.code.tex
File: tikzlibraryfit.code.tex 2025-08-29 v3.1.11a (3.1.11a)
) (/usr/share/texmf-dist/tex/generic/pgf/frontendlayer/tikz/libraries/tikzlibrarybackgrounds.code.tex
File: tikzlibrarybackgrounds.code.tex 2025-08-29 v3.1.11a (3.1.11a)
\pgf@layerbox@background=\box139
\pgf@layerboxsaved@background=\box140
) (/usr/share/texmf-dist/tex/generic/pgf/frontendlayer/tikz/libraries/tikzlibrarycalc.code.tex
File: tikzlibrarycalc.code.tex 2025-08-29 v3.1.11a (3.1.11a)
) (/usr/share/texmf-dist/tex/generic/pgf/frontendlayer/tikz/libraries/tikzlibraryshapes.geometric.code.tex
File: tikzlibraryshapes.geometric.code.tex 2025-08-29 v3.1.11a (3.1.11a)
 (/usr/share/texmf-dist/tex/generic/pgf/libraries/shapes/pgflibraryshapes.geometric.code.tex
File: pgflibraryshapes.geometric.code.tex 2025-08-29 v3.1.11a (3.1.11a)
)) (/usr/share/texmf-dist/tex/generic/pgf/libraries/pgflibraryarrows.meta.code.tex
File: pgflibraryarrows.meta.code.tex 2025-08-29 v3.1.11a (3.1.11a)
\pgfarrowinset=\dimen359
\pgfarrowlength=\dimen360
\pgfarrowwidth=\dimen361
\pgfarrowlinewidth=\dimen362
) (/usr/share/texmf-dist/tex/generic/pgf/frontendlayer/tikz/libraries/tikzlibrarypositioning.code.tex
File: tikzlibrarypositioning.code.tex 2025-08-29 v3.1.11a (3.1.11a)
) (/usr/share/texmf-dist/tex/latex/algorithms/algorithm.sty
Package: algorithm 2009/08/24 v0.1 Document Style `algorithm' - floating environment
 (/usr/share/texmf-dist/tex/latex/float/float.sty
Package: float 2001/11/08 v1.3d Float enhancements (AL)
\c@float@type=\count458
\float@exts=\toks63
\float@box=\box141
\@float@everytoks=\toks64
\@floatcapt=\box142
)
\@float@every@algorithm=\toks65
\c@algorithm=\count459
) (/usr/share/texmf-dist/tex/latex/hyperref/hyperref.sty
Package: hyperref 2026-01-29 v7.01p Hypertext links for LaTeX
 (/usr/share/texmf-dist/tex/generic/pdfescape/pdfescape.sty
Package: pdfescape 2019/12/09 v1.15 Implements pdfTeX's escape features (HO)
) (/usr/share/texmf-dist/tex/latex/hycolor/hycolor.sty
Package: hycolor 2020-01-27 v1.10 Color options for hyperref/bookmark (HO)
) (/usr/share/texmf-dist/tex/latex/hyperref/nameref.sty
Package: nameref 2026-01-29 v2.58 Cross-referencing by name of section
 (/usr/share/texmf-dist/tex/latex/refcount/refcount.sty
Package: refcount 2019/12/15 v3.6 Data extraction from label references (HO)
) (/usr/share/texmf-dist/tex/generic/gettitlestring/gettitlestring.sty
Package: gettitlestring 2019/12/15 v1.6 Cleanup title references (HO)
)
\c@section@level=\count460
) (/usr/share/texmf-dist/tex/generic/stringenc/stringenc.sty
Package: stringenc 2019/11/29 v1.12 Convert strings between diff. encodings (HO)
)
\@linkdim=\dimen363
\Hy@linkcounter=\count461
\Hy@pagecounter=\count462
 (/usr/share/texmf-dist/tex/latex/hyperref/pd1enc.def
File: pd1enc.def 2026-01-29 v7.01p Hyperref: PDFDocEncoding definition (HO)
Now handling font encoding PD1 ...
... no UTF-8 mapping file for font encoding PD1
) (/usr/share/texmf-dist/tex/generic/intcalc/intcalc.sty
Package: intcalc 2019/12/15 v1.3 Expandable calculations with integers (HO)
)
\Hy@SavedSpaceFactor=\count463
 (/usr/share/texmf-dist/tex/latex/hyperref/puenc.def
File: puenc.def 2026-01-29 v7.01p Hyperref: PDF Unicode definition (HO)
Now handling font encoding PU ...
... no UTF-8 mapping file for font encoding PU
)
Package hyperref Info: Option `linktocpage' set `true' on input line 4072.
Package hyperref Info: Hyper figures OFF on input line 4201.
Package hyperref Info: Link nesting OFF on input line 4206.
Package hyperref Info: Hyper index ON on input line 4209.
Package hyperref Info: Plain pages OFF on input line 4216.
Package hyperref Info: Backreferencing OFF on input line 4221.
Package hyperref Info: Implicit mode ON; LaTeX internals redefined.
Package hyperref Info: Bookmarks ON on input line 4468.
\c@Hy@tempcnt=\count464
 (/usr/share/texmf-dist/tex/latex/url/url.sty
\Urlmuskip=\muskip18
Package: url 2013/09/16  ver 3.4  Verb mode for urls, etc.
)
LaTeX Info: Redefining \url on input line 4807.
\XeTeXLinkMargin=\dimen364
 (/usr/share/texmf-dist/tex/generic/bitset/bitset.sty
Package: bitset 2019/12/09 v1.3 Handle bit-vector datatype (HO)
 (/usr/share/texmf-dist/tex/generic/bigintcalc/bigintcalc.sty
Package: bigintcalc 2019/12/15 v1.5 Expandable calculations on big integers (HO)
))
\Fld@menulength=\count465
\Field@Width=\dimen365
\Fld@charsize=\dimen366
Package hyperref Info: Hyper figures OFF on input line 6084.
Package hyperref Info: Link nesting OFF on input line 6089.
Package hyperref Info: Hyper index ON on input line 6092.
Package hyperref Info: backreferencing OFF on input line 6099.
Package hyperref Info: Link coloring OFF on input line 6104.
Package hyperref Info: Link coloring with OCG OFF on input line 6109.
Package hyperref Info: PDF/A mode OFF on input line 6114.
\Hy@abspage=\count466
\c@Item=\count467
\c@Hfootnote=\count468
)
Package hyperref Info: Driver (autodetected): hpdftex.
 (/usr/share/texmf-dist/tex/latex/hyperref/hpdftex.def
File: hpdftex.def 2026-01-29 v7.01p Hyperref driver for pdfTeX
\HyAnn@Count=\count469
\Fld@listcount=\count470
\c@bookmark@seq@number=\count471
 (/usr/share/texmf-dist/tex/latex/rerunfilecheck/rerunfilecheck.sty
Package: rerunfilecheck 2025-06-21 v1.11 Rerun checks for auxiliary files (HO)
 (/usr/share/texmf-dist/tex/generic/uniquecounter/uniquecounter.sty
Package: uniquecounter 2019/12/15 v1.4 Provide unlimited unique counter (HO)
)
Package uniquecounter Info: New unique counter `rerunfilecheck' on input line 284.
)
\Hy@SectionHShift=\skip168
)
Package hyperref Info: Option `colorlinks' set `true' on input line 376.
 (/usr/share/texmf-dist/tex/latex/xurl/xurl.sty
Package: xurl 2022/01/09 v 0.10 modify URL breaks
) (/usr/share/texmf-dist/tex/latex/blindtext/blindtext.sty
Package: blindtext 2012/01/06 V2.0 blindtext-Package
 (/usr/share/texmf-dist/tex/latex/tools/xspace.sty
Package: xspace 2014/10/28 v1.13 Space after command names (DPC,MH)
)
\c@blindtext=\count472
\c@Blindtext=\count473
\c@blind@countparstart=\count474
\blind@countxx=\count475
\blindtext@numBlindtext=\count476
\blind@countyy=\count477
\c@blindlist=\count478
\c@blindlistlevel=\count479
\c@blindlist@level=\count480
\blind@listitem=\count481
\c@blind@listcount=\count482
\c@blind@levelcount=\count483
\blind@mathformula=\count484
\blind@Mathformula=\count485
\c@blind@randomcount=\count486
\c@blind@randommax=\count487
\c@blind@pangramcount=\count488
\c@blind@pangrammax=\count489
) (/usr/share/texmf-dist/tex/latex/algorithmicx/algpseudocode.sty
Package: algpseudocode 
 (/usr/share/texmf-dist/tex/latex/algorithmicx/algorithmicx.sty
Package: algorithmicx 2005/04/27 v1.2 Algorithmicx

Document Style algorithmicx 1.2 - a greatly improved `algorithmic' style
\c@ALG@line=\count490
\c@ALG@rem=\count491
\c@ALG@nested=\count492
\ALG@tlm=\skip169
\ALG@thistlm=\skip170
\c@ALG@Lnr=\count493
\c@ALG@blocknr=\count494
\c@ALG@storecount=\count495
\c@ALG@tmpcounter=\count496
\ALG@tmplength=\skip171
)
Document Style - pseudocode environments for use with the `algorithmicx' style
) (/usr/share/texmf-dist/tex/latex/natbib/natbib.sty
Package: natbib 2010/09/13 8.31b (PWD, AO)
\bibhang=\skip172
\bibsep=\skip173
LaTeX Info: Redefining \cite on input line 694.
\c@NAT@ctr=\count497
) (/usr/share/texmf-dist/tex/latex/natbib/bibentry.sty
Package: bibentry 2007/10/30 1.5 (PWD)
) (./thesis.bbl) (/usr/share/texmf-dist/tex/latex/fancyhdr/fancyhdr.sty
Package: fancyhdr 2025/02/07 v5.2 Extensive control of page headers and footers
\f@nch@headwidth=\skip174
\f@nch@offset@elh=\skip175
\f@nch@offset@erh=\skip176
\f@nch@offset@olh=\skip177
\f@nch@offset@orh=\skip178
\f@nch@offset@elf=\skip179
\f@nch@offset@erf=\skip180
\f@nch@offset@olf=\skip181
\f@nch@offset@orf=\skip182
\f@nch@height=\skip183
\f@nch@footalignment=\skip184
\f@nch@widthL=\skip185
\f@nch@widthC=\skip186
\f@nch@widthR=\skip187
\@temptokenb=\toks66
) (/usr/share/texmf-dist/tex/latex/fancyhdr/extramarks.sty
Package: extramarks 2025/02/07 v5.2 Extra marks for LaTeX
\c__mark_class_extramarks-left_mark=\marks4
\c__mark_class_extramarks-right_mark=\marks5
) (/usr/share/texmf-dist/tex/latex/todonotes/todonotes.sty
Package: todonotes 2024/01/05 v1.1.7 Todonotes source and documentation.
Package: todonotes 2024/01/05
\c@@todonotes@numberoftodonotes=\count498
) (/usr/share/texmf-dist/tex/latex/psnfss/pifont.sty
Package: pifont 2020/03/25 PSNFSS-v9.3 Pi font support (SPQR) 
LaTeX Font Info:    Trying to load font information for U+pzd on input line 63.
 (/usr/share/texmf-dist/tex/latex/psnfss/upzd.fd
File: upzd.fd 2001/06/04 font definitions for U/pzd.
)
LaTeX Font Info:    Trying to load font information for U+psy on input line 64.
 (/usr/share/texmf-dist/tex/latex/psnfss/upsy.fd
File: upsy.fd 2001/06/04 font definitions for U/psy.
)) (/usr/share/texmf-dist/tex/latex/tipa/tipa.sty
Package: tipa 2002/08/08 TIPA version 1.1
 (/usr/share/texmf-dist/tex/latex/base/fontenc.sty
Package: fontenc 2025/07/18 v2.1d Standard LaTeX package
 (/usr/share/texmf-dist/tex/latex/tipa/t3enc.def
File: t3enc.def 2001/12/31 T3 encoding
Now handling font encoding T3 ...
... no UTF-8 mapping file for font encoding T3
LaTeX Font Info:    Trying to load font information for T1+lmss on input line 357.
 (/usr/share/texmf-dist/tex/latex/lm/t1lmss.fd
File: t1lmss.fd 2015/05/01 v1.6.1 Font defs for Latin Modern
)))
LaTeX Encoding Info:    Redeclaring text command \textdotbreve (encoding ?) on input line 336.
) (/usr/share/texmf-dist/tex/latex/combelow/combelow.sty
Package: combelow 2010/05/02 v0.99f comma below command
) (/usr/share/texmf-dist/tex/latex/cleveref/cleveref.sty
Package: cleveref 2018/03/27 v0.21.4 Intelligent cross-referencing
Package cleveref Info: `hyperref' support loaded on input line 2370.
LaTeX Info: Redefining \cref on input line 2370.
LaTeX Info: Redefining \Cref on input line 2370.
LaTeX Info: Redefining \crefrange on input line 2370.
LaTeX Info: Redefining \Crefrange on input line 2370.
LaTeX Info: Redefining \cpageref on input line 2370.
LaTeX Info: Redefining \Cpageref on input line 2370.
LaTeX Info: Redefining \cpagerefrange on input line 2370.
LaTeX Info: Redefining \Cpagerefrange on input line 2370.
LaTeX Info: Redefining \labelcref on input line 2370.
LaTeX Info: Redefining \labelcpageref on input line 2370.
Package cleveref Info: `algorithmicx' support loaded on input line 3120.
Package cleveref Info: `listings' support loaded on input line 3131.
)
==> First Aid for cleveref.sty applied!
) (./frontmatter/defined_acronyms.tex
\c@g@acro@MFT@int=\count499
) (./frontmatter/definitions.tex) (./thesis.aux)
\openout1 = `thesis.aux'.

LaTeX Font Info:    Checking defaults for OML/cmm/m/it on input line 31.
LaTeX Font Info:    ... okay on input line 31.
LaTeX Font Info:    Checking defaults for OMS/cmsy/m/n on input line 31.
LaTeX Font Info:    ... okay on input line 31.
LaTeX Font Info:    Checking defaults for OT1/cmr/m/n on input line 31.
LaTeX Font Info:    ... okay on input line 31.
LaTeX Font Info:    Checking defaults for T1/cmr/m/n on input line 31.
LaTeX Font Info:    ... okay on input line 31.
LaTeX Font Info:    Checking defaults for TS1/cmr/m/n on input line 31.
LaTeX Font Info:    ... okay on input line 31.
LaTeX Font Info:    Checking defaults for OMX/cmex/m/n on input line 31.
LaTeX Font Info:    ... okay on input line 31.
LaTeX Font Info:    Checking defaults for U/cmr/m/n on input line 31.
LaTeX Font Info:    ... okay on input line 31.
LaTeX Font Info:    Checking defaults for PD1/pdf/m/n on input line 31.
LaTeX Font Info:    ... okay on input line 31.
LaTeX Font Info:    Checking defaults for PU/pdf/m/n on input line 31.
LaTeX Font Info:    ... okay on input line 31.
LaTeX Font Info:    Checking defaults for T3/cmr/m/n on input line 31.
LaTeX Font Info:    Trying to load font information for T3+cmr on input line 31.
 (/usr/share/texmf-dist/tex/latex/tipa/t3cmr.fd
File: t3cmr.fd 2001/12/31 TIPA font definitions
)
LaTeX Font Info:    ... okay on input line 31.

*geometry* driver: auto-detecting
*geometry* detected driver: pdftex
*geometry* verbose mode - [ preamble ] result:
* driver: pdftex
* paper: a4paper
* layout: <same size as paper>
* layoutoffset:(h,v)=(0.0pt,0.0pt)
* modes: 
* h-part:(L,W,R)=(71.13188pt, 455.24411pt, 71.13188pt)
* v-part:(T,H,B)=(71.13188pt, 702.78308pt, 71.13188pt)
* \paperwidth=597.50787pt
* \paperheight=845.04684pt
* \textwidth=455.24411pt
* \textheight=702.78308pt
* \oddsidemargin=-1.1381pt
* \evensidemargin=-1.1381pt
* \topmargin=-52.9003pt
* \headheight=29.0pt
* \headsep=22.76219pt
* \topskip=12.0pt
* \footskip=30.0pt
* \marginparwidth=73.97733pt
* \marginparsep=7.0pt
* \columnsep=10.0pt
* \skip\footins=10.8pt plus 4.0pt minus 2.0pt
* \hoffset=0.0pt
* \voffset=0.0pt
* \mag=1000
* \@twocolumnfalse
* \@twosidefalse
* \@mparswitchfalse
* \@reversemargintrue
* (1in=72.27pt=25.4mm, 1cm=28.453pt)

Package caption Info: Begin \AtBeginDocument code.
Package caption Info: float package is loaded.
Package caption Info: hyperref package is loaded.
Package caption Info: listings package is loaded.
Package caption Info: longtable package is loaded.
Package caption Info: supertabular package is loaded.
Package caption Info: End \AtBeginDocument code.
(/usr/share/texmf-dist/tex/context/base/mkii/supp-pdf.mkii
[Loading MPS to PDF converter (version 2006.09.02).]
\scratchcounter=\count500
\scratchdimen=\dimen367
\scratchbox=\box143
\nofMPsegments=\count501
\nofMParguments=\count502
\everyMPshowfont=\toks67
\MPscratchCnt=\count503
\MPscratchDim=\dimen368
\MPnumerator=\count504
\makeMPintoPDFobject=\count505
\everyMPtoPDFconversion=\toks68
) (/usr/share/texmf-dist/tex/latex/epstopdf-pkg/epstopdf-base.sty
Package: epstopdf-base 2020-01-24 v2.11 Base part for package epstopdf
Package epstopdf-base Info: Redefining graphics rule for `.eps' on input line 485.
 (/usr/share/texmf-dist/tex/latex/latexconfig/epstopdf-sys.cfg
File: epstopdf-sys.cfg 2010/07/13 v1.3 Configuration of (r)epstopdf for TeX Live
)) (/usr/share/texmf-dist/tex/latex/pdflscape/pdflscape.sty
Package: pdflscape 2025-06-23 v0.14 Display of landscape pages in PDF
 (/usr/share/texmf-dist/tex/latex/pdflscape/pdflscape-nometadata.sty
Package: pdflscape-nometadata 2025-06-23 v0.14 Display of landscape pages in PDF (HO)
 (/usr/share/texmf-dist/tex/latex/graphics/lscape.sty
Package: lscape 2020/05/28 v3.02 Landscape Pages (DPC)
)
Package pdflscape Info: Auto-detected driver: pdftex on input line 81.
))
LaTeX Info: Redefining \microtypecontext on input line 31.
Package microtype Info: Applying patch `item' on input line 31.
Package microtype Info: Applying patch `toc' on input line 31.
Package microtype Info: Applying patch `eqnum' on input line 31.
Package microtype Info: Applying patch `footnote' on input line 31.
Package microtype Info: Applying patch `verbatim' on input line 31.
LaTeX Info: Redefining \microtypesetup on input line 31.
Package microtype Info: Generating PDF output.
Package microtype Info: Character protrusion enabled (level 2).
Package microtype Info: Using default protrusion set `alltext'.
Package microtype Info: Automatic font expansion enabled (level 2),
(microtype)             stretch: 20, shrink: 20, step: 1, non-selected.
Package microtype Info: Using default expansion set `alltext-nott'.
Package microtype Info: Patching command `\showhyphens'.
Package microtype Info: No adjustment of tracking.
Package microtype Info: No adjustment of interword spacing.
Package microtype Info: No adjustment of character kerning.
 (/usr/share/texmf-dist/tex/latex/microtype/mt-cmr.cfg
File: mt-cmr.cfg 2013/05/19 v2.2 microtype config. file: Computer Modern Roman (RS)
)
\c@lstlisting=\count506
Package tocbasic Info: setting babel extension for `lol' on input line 31.
 (/usr/share/texmf-dist/tex/latex/translations/translations-basic-dictionary-english.trsl
File: translations-basic-dictionary-english.trsl (english translation file `translations-basic-dictionary')
)
Package translations Info: loading dictionary `translations-basic-dictionary' for `english'. on input line 31.
Package hyperref Info: Link coloring ON on input line 31.
 (./thesis.out) (./thesis.out)
\@outlinefile=\write5
\openout5 = `thesis.out'.

 (./frontmatter/title_page.tex
LaTeX Font Info:    Trying to load font information for OT1+lmr on input line 3.
 (/usr/share/texmf-dist/tex/latex/lm/ot1lmr.fd
File: ot1lmr.fd 2015/05/01 v1.6.1 Font defs for Latin Modern
)
LaTeX Font Info:    Trying to load font information for OML+lmm on input line 3.
 (/usr/share/texmf-dist/tex/latex/lm/omllmm.fd
File: omllmm.fd 2015/05/01 v1.6.1 Font defs for Latin Modern
)
LaTeX Font Info:    Trying to load font information for OMS+lmsy on input line 3.
 (/usr/share/texmf-dist/tex/latex/lm/omslmsy.fd
File: omslmsy.fd 2015/05/01 v1.6.1 Font defs for Latin Modern
)
LaTeX Font Info:    Trying to load font information for OMX+lmex on input line 3.
 (/usr/share/texmf-dist/tex/latex/lm/omxlmex.fd
File: omxlmex.fd 2015/05/01 v1.6.1 Font defs for Latin Modern
)
LaTeX Font Info:    External font `lmex10' loaded for size
(Font)              <17.28> on input line 3.
LaTeX Font Info:    External font `lmex10' loaded for size
(Font)              <12> on input line 3.
LaTeX Font Info:    External font `lmex10' loaded for size
(Font)              <10> on input line 3.
LaTeX Font Info:    Trying to load font information for U+msa on input line 3.
 (/usr/share/texmf-dist/tex/latex/amsfonts/umsa.fd
File: umsa.fd 2013/01/14 v3.01 AMS symbols A
) (/usr/share/texmf-dist/tex/latex/microtype/mt-msa.cfg
File: mt-msa.cfg 2006/02/04 v1.1 microtype config. file: AMS symbols (a) (RS)
)
LaTeX Font Info:    Trying to load font information for U+msb on input line 3.
 (/usr/share/texmf-dist/tex/latex/amsfonts/umsb.fd
File: umsb.fd 2013/01/14 v3.01 AMS symbols B
) (/usr/share/texmf-dist/tex/latex/microtype/mt-msb.cfg
File: mt-msb.cfg 2005/06/01 v1.0 microtype config. file: AMS symbols (b) (RS)
)
LaTeX Font Info:    External font `lmex10' loaded for size
(Font)              <8> on input line 3.
LaTeX Font Info:    External font `lmex10' loaded for size
(Font)              <6> on input line 3.
<stb-thesis-frntp.pdf, id=448, 597.50786pt x 845.04686pt>
File: stb-thesis-frntp.pdf Graphic file (type pdf)
<use stb-thesis-frntp.pdf>
Package pdftex.def Info: stb-thesis-frntp.pdf  used on input line 3.
(pdftex.def)             Requested size: 597.5064pt x 845.08348pt.
 [1


{/var/lib/texmf/fonts/map/pdftex/updmap/pdftex.map}{/usr/share/texmf-dist/fonts/enc/dvips/lm/lm-ec.enc} <./stb-thesis-frntp.pdf>]) (./frontmatter/dedication.tex [1

]) (./frontmatter/acknowledgements.tex
Package microtype Info: Character `029' is missing
(microtype)             in font `T1/lmr/m/sc/14.4'.
(microtype)             Ignoring protrusion settings for this character.
Package microtype Info: Character `029' is missing
(microtype)             in font `T1/lmr/m/sc/20.74'.
(microtype)             Ignoring protrusion settings for this character.
LaTeX Font Info:    External font `lmex10' loaded for size
(Font)              <9> on input line 6.
LaTeX Font Info:    External font `lmex10' loaded for size
(Font)              <5> on input line 6.
) (./frontmatter/declaration.tex [1


]
LaTeX Font Info:    Trying to load font information for TS1+lmr on input line 2.
 (/usr/share/texmf-dist/tex/latex/lm/ts1lmr.fd
File: ts1lmr.fd 2015/05/01 v1.6.1 Font defs for Latin Modern
)) (./frontmatter/abstract.tex [2

{/usr/share/texmf-dist/fonts/enc/dvips/lm/lm-ts1.enc}] [3

]) [4

] (./thesis.toc [5


]
Package microtype Info: Character `029' is missing
(microtype)             in font `T1/lmr/m/sc/12'.
(microtype)             Ignoring protrusion settings for this character.
 [6] [7])
\tf@toc=\write6
\openout6 = `thesis.toc'.

 [8] (./thesis.lof [9

{/usr/share/texmf-dist/fonts/enc/dvips/lm/lm-rm.enc}{/usr/share/texmf-dist/fonts/enc/dvips/lm/lm-mathsy.enc}])
\tf@lof=\write7
\openout7 = `thesis.lof'.

 [10{/usr/share/texmf-dist/fonts/enc/dvips/lm/lm-mathit.enc}] [11] (./thesis.lot [12

] [13] [14])
\tf@lot=\write8
\openout8 = `thesis.lot'.

 [15] (./frontmatter/nomenclature.tex
No file thesis.nls.
(./frontmatter/variables_and_functions.tex) [16


] [17]) (./chapters/Chapter1.tex
Chapter 1.
[1

]) (./chapters/Chapter2.tex [2]
Chapter 2.
<figures/aerobicfunc_background.png, id=1133, 652.4375pt x 649.42625pt>
File: figures/aerobicfunc_background.png Graphic file (type png)
<use figures/aerobicfunc_background.png>
Package pdftex.def Info: figures/aerobicfunc_background.png  used on input line 15.
(pdftex.def)             Requested size: 141.12456pt x 140.47614pt.
<figures/aerobicdysfunc_background.png, id=1135, 652.4375pt x 649.42625pt>
File: figures/aerobicdysfunc_background.png Graphic file (type png)
<use figures/aerobicdysfunc_background.png>
Package pdftex.def Info: figures/aerobicdysfunc_background.png  used on input line 21.
(pdftex.def)             Requested size: 141.12456pt x 140.47614pt.
<figures/clarifier_background.png, id=1136, 318.18875pt x 163.61125pt>
File: figures/clarifier_background.png Graphic file (type png)
<use figures/clarifier_background.png>
Package pdftex.def Info: figures/clarifier_background.png  used on input line 27.
(pdftex.def)             Requested size: 141.12456pt x 72.56335pt.
[3

] [4{/usr/share/texmf-dist/fonts/enc/dvips/lm/lm-mathex.enc} <./figures/aerobicfunc_background.png> <./figures/aerobicdysfunc_background.png> <./figures/clarifier_background.png>] [5] [6]
LaTeX Font Info:    External font `lmex10' loaded for size
(Font)              <10.95> on input line 101.
 [7]
LaTeX Font Info:    External font `lmex10' loaded for size
(Font)              <7> on input line 144.
 [8] [9] [10] [11]) (./chapters/Chapter3.tex [12] [13]
Chapter 3.
[14

] [15] [16]) (./chapters/Chapter4.tex [17] [18]
Chapter 4.
LaTeX Font Info:    Trying to load font information for T1+lmtt on input line 4.
(/usr/share/texmf-dist/tex/latex/lm/t1lmtt.fd
File: t1lmtt.fd 2015/05/01 v1.6.1 Font defs for Latin Modern
)
Package microtype Info: Loading generic protrusion settings for font family
(microtype)             `lmtt' (encoding: T1).
(microtype)             For optimal results, create family-specific settings.
(microtype)             See the microtype manual for details.
<figures/heatmap.png, id=1336, 2662.94875pt x 1647.15375pt>
File: figures/heatmap.png Graphic file (type png)
<use figures/heatmap.png>
Package pdftex.def Info: figures/heatmap.png  used on input line 9.
(pdftex.def)             Requested size: 455.24411pt x 281.57071pt.
 [19

 <./figures/heatmap.png>]
<figures/map.png, id=1346, 1344.02126pt x 742.775pt>
File: figures/map.png Graphic file (type png)
<use figures/map.png>
Package pdftex.def Info: figures/map.png  used on input line 21.
(pdftex.def)             Requested size: 273.14923pt x 150.95512pt.
<figures/atlantis_overview.png, id=1347, 379.4175pt x 326.21875pt>
File: figures/atlantis_overview.png Graphic file (type png)
<use figures/atlantis_overview.png>
Package pdftex.def Info: figures/atlantis_overview.png  used on input line 29.
(pdftex.def)             Requested size: 145.68144pt x 125.2586pt.
<figures/capeflats_overview.png, id=1348, 542.025pt x 278.03876pt>
File: figures/capeflats_overview.png Graphic file (type png)
<use figures/capeflats_overview.png>
Package pdftex.def Info: figures/capeflats_overview.png  used on input line 35.
(pdftex.def)             Requested size: 145.68144pt x 74.72781pt.
<figures/waterval_overview.png, id=1349, 256.96pt x 327.2225pt>
File: figures/waterval_overview.png Graphic file (type png)
<use figures/waterval_overview.png>
Package pdftex.def Info: figures/waterval_overview.png  used on input line 41.
(pdftex.def)             Requested size: 136.57462pt x 173.9214pt.
<figures/fisantekraal_overview.png, id=1350, 1606.0pt x 595.22375pt>
File: figures/fisantekraal_overview.png Graphic file (type png)
<use figures/fisantekraal_overview.png>
Package pdftex.def Info: figures/fisantekraal_overview.png  used on input line 47.
(pdftex.def)             Requested size: 136.57462pt x 50.61604pt.
<figures/noordelikewerke_overview.png, id=1351, 1003.75pt x 600.2425pt>
File: figures/noordelikewerke_overview.png Graphic file (type png)
<use figures/noordelikewerke_overview.png>
Package pdftex.def Info: figures/noordelikewerke_overview.png  used on input line 53.
(pdftex.def)             Requested size: 136.57462pt x 81.67036pt.
 [20 <./figures/map.png (PNG copy)>] [21 <./figures/atlantis_overview.png (PNG copy)> <./figures/capeflats_overview.png (PNG copy)> <./figures/waterval_overview.png (PNG copy)> <./figures/fisantekraal_overview.png (PNG copy)> <./figures/noordelikewerke_overview.png (PNG copy)>]
<figures/aerobic_examples.png, id=1364, 2243.38126pt x 396.48125pt>
File: figures/aerobic_examples.png Graphic file (type png)
<use figures/aerobic_examples.png>
Package pdftex.def Info: figures/aerobic_examples.png  used on input line 106.
(pdftex.def)             Requested size: 455.24411pt x 80.4564pt.
<figures/clarifier_examples.png, id=1367, 2243.38126pt x 638.385pt>
File: figures/clarifier_examples.png Graphic file (type png)
<use figures/clarifier_examples.png>
Package pdftex.def Info: figures/clarifier_examples.png  used on input line 112.
(pdftex.def)             Requested size: 455.24411pt x 129.545pt.
 [22 <./figures/aerobic_examples.png> <./figures/clarifier_examples.png>] [23] [24] [25]
<figures/leave_one_out.png, id=1397, 1334.9875pt x 962.59625pt>
File: figures/leave_one_out.png Graphic file (type png)
<use figures/leave_one_out.png>
Package pdftex.def Info: figures/leave_one_out.png  used on input line 211.
(pdftex.def)             Requested size: 318.66948pt x 229.77934pt.
 [26 <./figures/leave_one_out.png>]
<figures/relabel_example.png, id=1405, 401.5pt x 401.5pt>
File: figures/relabel_example.png Graphic file (type png)
<use figures/relabel_example.png>
Package pdftex.def Info: figures/relabel_example.png  used on input line 229.
(pdftex.def)             Requested size: 136.57462pt x 136.57558pt.
<figures/relabel_process_example.png, id=1406, 1436.36626pt x 910.40125pt>
File: figures/relabel_process_example.png Graphic file (type png)
<use figures/relabel_process_example.png>
Package pdftex.def Info: figures/relabel_process_example.png  used on input line 236.
(pdftex.def)             Requested size: 318.66948pt x 201.96977pt.
 [27 <./figures/relabel_example.png (PNG copy)>] [28 <./figures/relabel_process_example.png>]) (./chapters/Chapter5.tex [29]
Chapter 5.
[30

] [31] [32] [33]
<figures/augmentation_examples.png, id=1490, 1942.25626pt x 1031.855pt>
File: figures/augmentation_examples.png Graphic file (type png)
<use figures/augmentation_examples.png>
Package pdftex.def Info: figures/augmentation_examples.png  used on input line 110.
(pdftex.def)             Requested size: 409.71692pt x 217.65637pt.
 [34] [35 <./figures/augmentation_examples.png>] [36] [37] [38] [39] [40] [41] [42] [43] [44] [45]) (./chapters/Chapter6.tex [46]
Chapter 6.
<figures/results/clarifier_stratified_accuracy_auc_bars.png, id=1605, 1204.5pt x 722.7pt>
File: figures/results/clarifier_stratified_accuracy_auc_bars.png Graphic file (type png)
<use figures/results/clarifier_stratified_accuracy_auc_bars.png>
Package pdftex.def Info: figures/results/clarifier_stratified_accuracy_auc_bars.png  used on input line 41.
(pdftex.def)             Requested size: 341.43307pt x 204.85785pt.
[47

]
<figures/results/aerobic_zone_stratified_accuracy_auc_bars.png, id=1610, 1204.5pt x 722.7pt>
File: figures/results/aerobic_zone_stratified_accuracy_auc_bars.png Graphic file (type png)
<use figures/results/aerobic_zone_stratified_accuracy_auc_bars.png>
Package pdftex.def Info: figures/results/aerobic_zone_stratified_accuracy_auc_bars.png  used on input line 101.
(pdftex.def)             Requested size: 341.43307pt x 204.85785pt.
 [48 <./figures/results/clarifier_stratified_accuracy_auc_bars.png>] [49]
<figures/results/clarifier_lofo_accuracy_auc_bars.png, id=1621, 2589.675pt x 722.7pt>
File: figures/results/clarifier_lofo_accuracy_auc_bars.png Graphic file (type png)
<use figures/results/clarifier_lofo_accuracy_auc_bars.png>
Package pdftex.def Info: figures/results/clarifier_lofo_accuracy_auc_bars.png  used on input line 205.
(pdftex.def)             Requested size: 455.24411pt x 127.03679pt.
<figures/results/clarifier_convnext_tiny_Atlantis_training_curves.png, id=1622, 1791.69376pt x 586.19pt>
File: figures/results/clarifier_convnext_tiny_Atlantis_training_curves.png Graphic file (type png)
<use figures/results/clarifier_convnext_tiny_Atlantis_training_curves.png>
Package pdftex.def Info: figures/results/clarifier_convnext_tiny_Atlantis_training_curves.png  used on input line 273.
(pdftex.def)             Requested size: 223.07211pt x 72.9784pt.
<figures/results/clarifier_convnext_tiny_CapeFlats_training_curves.png, id=1623, 1791.69376pt x 586.19pt>
File: figures/results/clarifier_convnext_tiny_CapeFlats_training_curves.png Graphic file (type png)
<use figures/results/clarifier_convnext_tiny_CapeFlats_training_curves.png>
Package pdftex.def Info: figures/results/clarifier_convnext_tiny_CapeFlats_training_curves.png  used on input line 278.
(pdftex.def)             Requested size: 223.07211pt x 72.9784pt.
<figures/results/clarifier_convnext_tiny_Fisantekraal_training_curves.png, id=1624, 1791.69376pt x 586.19pt>
File: figures/results/clarifier_convnext_tiny_Fisantekraal_training_curves.png Graphic file (type png)
<use figures/results/clarifier_convnext_tiny_Fisantekraal_training_curves.png>
Package pdftex.def Info: figures/results/clarifier_convnext_tiny_Fisantekraal_training_curves.png  used on input line 282.
(pdftex.def)             Requested size: 223.07211pt x 72.9784pt.
<figures/results/clarifier_convnext_tiny_NoordelikeWerke_training_curves.png, id=1625, 1789.68625pt x 586.19pt>
File: figures/results/clarifier_convnext_tiny_NoordelikeWerke_training_curves.png Graphic file (type png)
<use figures/results/clarifier_convnext_tiny_NoordelikeWerke_training_curves.png>
Package pdftex.def Info: figures/results/clarifier_convnext_tiny_NoordelikeWerke_training_curves.png  used on input line 287.
(pdftex.def)             Requested size: 223.07211pt x 73.0589pt.
<figures/results/clarifier_convnext_tiny_Waterval_training_curves.png, id=1626, 1791.69376pt x 586.19pt>
File: figures/results/clarifier_convnext_tiny_Waterval_training_curves.png Graphic file (type png)
<use figures/results/clarifier_convnext_tiny_Waterval_training_curves.png>
Package pdftex.def Info: figures/results/clarifier_convnext_tiny_Waterval_training_curves.png  used on input line 291.
(pdftex.def)             Requested size: 223.07211pt x 72.9784pt.
<figures/results/clarifier_convnext_tiny_Atlantis_confusion_matrix.png, id=1627, 865.2325pt x 832.10875pt>
File: figures/results/clarifier_convnext_tiny_Atlantis_confusion_matrix.png Graphic file (type png)
<use figures/results/clarifier_convnext_tiny_Atlantis_confusion_matrix.png>
Package pdftex.def Info: figures/results/clarifier_convnext_tiny_Atlantis_confusion_matrix.png  used on input line 301.
(pdftex.def)             Requested size: 145.68144pt x 140.09804pt.
<figures/results/clarifier_convnext_tiny_CapeFlats_confusion_matrix.png, id=1628, 878.28125pt x 832.10875pt>
File: figures/results/clarifier_convnext_tiny_CapeFlats_confusion_matrix.png Graphic file (type png)
<use figures/results/clarifier_convnext_tiny_CapeFlats_confusion_matrix.png>
Package pdftex.def Info: figures/results/clarifier_convnext_tiny_CapeFlats_confusion_matrix.png  used on input line 306.
(pdftex.def)             Requested size: 145.68144pt x 138.01575pt.
<figures/results/clarifier_convnext_tiny_Fisantekraal_confusion_matrix.png, id=1629, 865.2325pt x 832.10875pt>
File: figures/results/clarifier_convnext_tiny_Fisantekraal_confusion_matrix.png Graphic file (type png)
<use figures/results/clarifier_convnext_tiny_Fisantekraal_confusion_matrix.png>
Package pdftex.def Info: figures/results/clarifier_convnext_tiny_Fisantekraal_confusion_matrix.png  used on input line 311.
(pdftex.def)             Requested size: 145.68144pt x 140.09804pt.
<figures/results/clarifier_convnext_tiny_NoordelikeWerke_confusion_matrix.png, id=1630, 878.28125pt x 832.10875pt>
File: figures/results/clarifier_convnext_tiny_NoordelikeWerke_confusion_matrix.png Graphic file (type png)
<use figures/results/clarifier_convnext_tiny_NoordelikeWerke_confusion_matrix.png>
Package pdftex.def Info: figures/results/clarifier_convnext_tiny_NoordelikeWerke_confusion_matrix.png  used on input line 315.
(pdftex.def)             Requested size: 145.68144pt x 138.01575pt.
<figures/results/clarifier_convnext_tiny_Waterval_confusion_matrix.png, id=1631, 878.28125pt x 832.10875pt>
File: figures/results/clarifier_convnext_tiny_Waterval_confusion_matrix.png Graphic file (type png)
<use figures/results/clarifier_convnext_tiny_Waterval_confusion_matrix.png>
Package pdftex.def Info: figures/results/clarifier_convnext_tiny_Waterval_confusion_matrix.png  used on input line 319.
(pdftex.def)             Requested size: 145.68144pt x 138.01575pt.
 [50 <./figures/results/aerobic_zone_stratified_accuracy_auc_bars.png>] [51 <./figures/results/clarifier_lofo_accuracy_auc_bars.png>] [52 <./figures/results/clarifier_convnext_tiny_Atlantis_training_curves.png> <./figures/results/clarifier_convnext_tiny_CapeFlats_training_curves.png> <./figures/results/clarifier_convnext_tiny_Fisantekraal_training_curves.png> <./figures/results/clarifier_convnext_tiny_NoordelikeWerke_training_curves.png> <./figures/results/clarifier_convnext_tiny_Waterval_training_curves.png>] [53 <./figures/results/clarifier_convnext_tiny_Atlantis_confusion_matrix.png> <./figures/results/clarifier_convnext_tiny_CapeFlats_confusion_matrix.png> <./figures/results/clarifier_convnext_tiny_Fisantekraal_confusion_matrix.png> <./figures/results/clarifier_convnext_tiny_NoordelikeWerke_confusion_matrix.png> <./figures/results/clarifier_convnext_tiny_Waterval_confusion_matrix.png>]
<figures/results/aerobic_zone_lofo_accuracy_auc_bars.png, id=1660, 1927.2pt x 722.7pt>
File: figures/results/aerobic_zone_lofo_accuracy_auc_bars.png Graphic file (type png)
<use figures/results/aerobic_zone_lofo_accuracy_auc_bars.png>
Package pdftex.def Info: figures/results/aerobic_zone_lofo_accuracy_auc_bars.png  used on input line 359.
(pdftex.def)             Requested size: 455.24411pt x 170.71672pt.
<figures/results/aerobic_zone_densenet_121_Atlantis_training_curves.png, id=1661, 1791.69376pt x 586.19pt>
File: figures/results/aerobic_zone_densenet_121_Atlantis_training_curves.png Graphic file (type png)
<use figures/results/aerobic_zone_densenet_121_Atlantis_training_curves.png>
Package pdftex.def Info: figures/results/aerobic_zone_densenet_121_Atlantis_training_curves.png  used on input line 425.
(pdftex.def)             Requested size: 223.07211pt x 72.9784pt.
<figures/results/aerobic_zone_densenet_121_CapeFlats_training_curves.png, id=1662, 1790.69pt x 586.19pt>
File: figures/results/aerobic_zone_densenet_121_CapeFlats_training_curves.png Graphic file (type png)
<use figures/results/aerobic_zone_densenet_121_CapeFlats_training_curves.png>
Package pdftex.def Info: figures/results/aerobic_zone_densenet_121_CapeFlats_training_curves.png  used on input line 430.
(pdftex.def)             Requested size: 223.07211pt x 73.02312pt.
<figures/results/aerobic_zone_densenet_121_Waterval_training_curves.png, id=1663, 1791.69376pt x 586.19pt>
File: figures/results/aerobic_zone_densenet_121_Waterval_training_curves.png Graphic file (type png)
<use figures/results/aerobic_zone_densenet_121_Waterval_training_curves.png>
Package pdftex.def Info: figures/results/aerobic_zone_densenet_121_Waterval_training_curves.png  used on input line 434.
(pdftex.def)             Requested size: 223.07211pt x 72.9784pt.
<figures/results/aerobic_zone_densenet_121_Atlantis_confusion_matrix.png, id=1664, 864.22874pt x 832.10875pt>
File: figures/results/aerobic_zone_densenet_121_Atlantis_confusion_matrix.png Graphic file (type png)
<use figures/results/aerobic_zone_densenet_121_Atlantis_confusion_matrix.png>
Package pdftex.def Info: figures/results/aerobic_zone_densenet_121_Atlantis_confusion_matrix.png  used on input line 444.
(pdftex.def)             Requested size: 145.68144pt x 140.26309pt.
<figures/results/aerobic_zone_densenet_121_CapeFlats_confusion_matrix.png, id=1665, 878.28125pt x 825.0825pt>
File: figures/results/aerobic_zone_densenet_121_CapeFlats_confusion_matrix.png Graphic file (type png)
<use figures/results/aerobic_zone_densenet_121_CapeFlats_confusion_matrix.png>
Package pdftex.def Info: figures/results/aerobic_zone_densenet_121_CapeFlats_confusion_matrix.png  used on input line 449.
(pdftex.def)             Requested size: 145.68144pt x 136.85034pt.
<figures/results/aerobic_zone_densenet_121_Waterval_confusion_matrix.png, id=1666, 878.28125pt x 825.0825pt>
File: figures/results/aerobic_zone_densenet_121_Waterval_confusion_matrix.png Graphic file (type png)
<use figures/results/aerobic_zone_densenet_121_Waterval_confusion_matrix.png>
Package pdftex.def Info: figures/results/aerobic_zone_densenet_121_Waterval_confusion_matrix.png  used on input line 454.
(pdftex.def)             Requested size: 145.68144pt x 136.85034pt.
 [54

 <./figures/results/aerobic_zone_lofo_accuracy_auc_bars.png>] [55] [56 <./figures/results/aerobic_zone_densenet_121_Atlantis_training_curves.png> <./figures/results/aerobic_zone_densenet_121_CapeFlats_training_curves.png> <./figures/results/aerobic_zone_densenet_121_Waterval_training_curves.png> <./figures/results/aerobic_zone_densenet_121_Atlantis_confusion_matrix.png> <./figures/results/aerobic_zone_densenet_121_CapeFlats_confusion_matrix.png> <./figures/results/aerobic_zone_densenet_121_Waterval_confusion_matrix.png>] [57]
<figures/results/clarifier_stratified_ok_vs_notok_roc.png, id=1693, 1053.9375pt x 903.375pt>
File: figures/results/clarifier_stratified_ok_vs_notok_roc.png Graphic file (type png)
<use figures/results/clarifier_stratified_ok_vs_notok_roc.png>
Package pdftex.def Info: figures/results/clarifier_stratified_ok_vs_notok_roc.png  used on input line 559.
(pdftex.def)             Requested size: 223.07211pt x 191.20306pt.
<figures/results/clarifier_lofo_ok_vs_notok_roc.png, id=1694, 1053.9375pt x 903.375pt>
File: figures/results/clarifier_lofo_ok_vs_notok_roc.png Graphic file (type png)
<use figures/results/clarifier_lofo_ok_vs_notok_roc.png>
Package pdftex.def Info: figures/results/clarifier_lofo_ok_vs_notok_roc.png  used on input line 564.
(pdftex.def)             Requested size: 223.07211pt x 191.20306pt.
<figures/results/aerobic_zone_stratified_ok_vs_notok_roc.png, id=1697, 1053.9375pt x 903.375pt>
File: figures/results/aerobic_zone_stratified_ok_vs_notok_roc.png Graphic file (type png)
<use figures/results/aerobic_zone_stratified_ok_vs_notok_roc.png>
Package pdftex.def Info: figures/results/aerobic_zone_stratified_ok_vs_notok_roc.png  used on input line 596.
(pdftex.def)             Requested size: 223.07211pt x 191.20306pt.
<figures/results/aerobic_zone_lofo_ok_vs_notok_roc.png, id=1698, 1053.9375pt x 903.375pt>
File: figures/results/aerobic_zone_lofo_ok_vs_notok_roc.png Graphic file (type png)
<use figures/results/aerobic_zone_lofo_ok_vs_notok_roc.png>
Package pdftex.def Info: figures/results/aerobic_zone_lofo_ok_vs_notok_roc.png  used on input line 601.
(pdftex.def)             Requested size: 223.07211pt x 191.20306pt.
 [58] [59 <./figures/results/clarifier_stratified_ok_vs_notok_roc.png> <./figures/results/clarifier_lofo_ok_vs_notok_roc.png>] [60 <./figures/results/aerobic_zone_stratified_ok_vs_notok_roc.png> <./figures/results/aerobic_zone_lofo_ok_vs_notok_roc.png>]
<figures/results/clarifier_stratified_ok_vs_notok_confusion_at_threshold.png, id=1717, 2529.45pt x 1204.5pt>
File: figures/results/clarifier_stratified_ok_vs_notok_confusion_at_threshold.png Graphic file (type png)
<use figures/results/clarifier_stratified_ok_vs_notok_confusion_at_threshold.png>
Package pdftex.def Info: figures/results/clarifier_stratified_ok_vs_notok_confusion_at_threshold.png  used on input line 649.
(pdftex.def)             Requested size: 455.24411pt x 216.78226pt.
<figures/results/clarifier_lofo_ok_vs_notok_confusion_at_threshold.png, id=1718, 2529.45pt x 1204.5pt>
File: figures/results/clarifier_lofo_ok_vs_notok_confusion_at_threshold.png Graphic file (type png)
<use figures/results/clarifier_lofo_ok_vs_notok_confusion_at_threshold.png>
Package pdftex.def Info: figures/results/clarifier_lofo_ok_vs_notok_confusion_at_threshold.png  used on input line 653.
(pdftex.def)             Requested size: 455.24411pt x 216.78226pt.
<figures/results/aerobic_zone_stratified_ok_vs_notok_confusion_at_threshold.png, id=1719, 2529.45pt x 1204.5pt>
File: figures/results/aerobic_zone_stratified_ok_vs_notok_confusion_at_threshold.png Graphic file (type png)
<use figures/results/aerobic_zone_stratified_ok_vs_notok_confusion_at_threshold.png>
Package pdftex.def Info: figures/results/aerobic_zone_stratified_ok_vs_notok_confusion_at_threshold.png  used on input line 663.
(pdftex.def)             Requested size: 455.24411pt x 216.78226pt.
<figures/results/aerobic_zone_lofo_ok_vs_notok_confusion_at_threshold.png, id=1720, 2529.45pt x 1204.5pt>
File: figures/results/aerobic_zone_lofo_ok_vs_notok_confusion_at_threshold.png Graphic file (type png)
<use figures/results/aerobic_zone_lofo_ok_vs_notok_confusion_at_threshold.png>
Package pdftex.def Info: figures/results/aerobic_zone_lofo_ok_vs_notok_confusion_at_threshold.png  used on input line 667.
(pdftex.def)             Requested size: 455.24411pt x 216.78226pt.
 [61

] [62 <./figures/results/clarifier_stratified_ok_vs_notok_confusion_at_threshold.png> <./figures/results/clarifier_lofo_ok_vs_notok_confusion_at_threshold.png>] [63 <./figures/results/aerobic_zone_stratified_ok_vs_notok_confusion_at_threshold.png> <./figures/results/aerobic_zone_lofo_ok_vs_notok_confusion_at_threshold.png>] [64]
<figures/gradcam_clarifier.png, id=1748, 1829.83624pt x 2288.55pt>
File: figures/gradcam_clarifier.png Graphic file (type png)
<use figures/gradcam_clarifier.png>
Package pdftex.def Info: figures/gradcam_clarifier.png  used on input line 758.
(pdftex.def)             Requested size: 386.96027pt x 483.96205pt.
 [65] [66 <./figures/gradcam_clarifier.png>]
<figures/gradcam_aerobic_zone.png, id=1760, 1829.83624pt x 1691.31876pt>
File: figures/gradcam_aerobic_zone.png Graphic file (type png)
<use figures/gradcam_aerobic_zone.png>
Package pdftex.def Info: figures/gradcam_aerobic_zone.png  used on input line 774.
(pdftex.def)             Requested size: 409.71692pt x 378.69797pt.
 [67]) (./chapters/conclusion.tex [68 <./figures/gradcam_aerobic_zone.png>] [69]
Chapter 7.
) [70

] (./thesis.bbl [71

] [72] [73] [74]) (./appendices/appendices.tex (./appendices/an_appendix.tex [75]
Appendix A.
[76

]
ignored: Infinite glue shrinkage found in box being split [77] [78]
ignored: Infinite glue shrinkage found in box being split [79] [80]
ignored: Infinite glue shrinkage found in box being split [81] [82]
ignored: Infinite glue shrinkage found in box being split [83])) [84] (./thesis.aux)
 ***********
LaTeX2e <2025-11-01>
L3 programming layer <2026-01-19>
 ***********
Package rerunfilecheck Info: File `thesis.out' has not changed.
(rerunfilecheck)             Checksum: 65EB2E1BC57C07ED6918A30DAC2C74CE;19047.
 ) 
Here is how much of TeX's memory you used:
 53809 strings out of 469515
 1091284 string characters out of 5470808
 1797065 words of memory out of 5000000
 80755 multiletter control sequences out of 15000+600000
 756144 words of font info for 347 fonts, out of 8000000 for 9000
 14 hyphenation exceptions out of 8191
 115i,18n,110p,2583b,835s stack positions out of 10000i,1000n,20000p,200000b,200000s
</usr/share/texmf-dist/fonts/type1/public/lm/lmbx10.pfb></usr/share/texmf-dist/fonts/type1/public/lm/lmbx12.pfb></usr/share/texmf-dist/fonts/type1/public/lm/lmcsc10.pfb></usr/share/texmf-dist/fonts/type1/public/lm/lmex10.pfb></usr/share/texmf-dist/fonts/type1/public/lm/lmmi10.pfb></usr/share/texmf-dist/fonts/type1/public/lm/lmmi12.pfb></usr/share/texmf-dist/fonts/type1/public/lm/lmmi6.pfb></usr/share/texmf-dist/fonts/type1/public/lm/lmmi8.pfb></usr/share/texmf-dist/fonts/type1/public/lm/lmr10.pfb></usr/share/texmf-dist/fonts/type1/public/lm/lmr12.pfb></usr/share/texmf-dist/fonts/type1/public/lm/lmr17.pfb></usr/share/texmf-dist/fonts/type1/public/lm/lmr7.pfb></usr/share/texmf-dist/fonts/type1/public/lm/lmr8.pfb></usr/share/texmf-dist/fonts/type1/public/lm/lmri10.pfb></usr/share/texmf-dist/fonts/type1/public/lm/lmri12.pfb></usr/share/texmf-dist/fonts/type1/public/lm/lmro12.pfb></usr/share/texmf-dist/fonts/type1/public/lm/lmsy10.pfb></usr/share/texmf-dist/fonts/type1/public/lm/lmsy7.pfb></usr/share/texmf-dist/fonts/type1/public/lm/lmsy8.pfb></usr/share/texmf-dist/fonts/type1/public/lm/lmtt10.pfb></usr/share/texmf-dist/fonts/type1/public/lm/lmtt12.pfb></usr/share/texmf-dist/fonts/type1/public/amsfonts/symbols/msbm10.pfb>
Output written on thesis.pdf (103 pages, 23756858 bytes).
PDF statistics:
 2045 PDF objects out of 2073 (max. 8388607)
 1778 compressed objects within 18 object streams
 349 named destinations out of 1000 (max. 500000)
 61544 words of extra memory for PDF output out of 61914 (max. 10000000)

