Component: clarifier
Models (7): ['resnet18', 'resnet50', 'densenet121', 'inception_v3', 'efficientnet_b0', 'convnext_tiny', 'alexnet']
Facilities (5): ['Atlantis', 'CapeFlats', 'Waterval', 'Fisantekraal', 'NoordelikeWerke']
Total combinations: 35

[1/35] resnet18 | held-out facility: Atlantis
    OK: OK in 2.9 min -- ../results/results_clarifier_resnet18_Atlantis.pkl
[2/35] resnet50 | held-out facility: Atlantis
    OK: OK in 3.8 min -- ../results/results_clarifier_resnet50_Atlantis.pkl
[3/35] densenet121 | held-out facility: Atlantis
    OK: OK in 5.0 min -- ../results/results_clarifier_densenet121_Atlantis.pkl
[4/35] inception_v3 | held-out facility: Atlantis
    OK: OK in 3.7 min -- ../results/results_clarifier_inception_v3_Atlantis.pkl
[5/35] efficientnet_b0 | held-out facility: Atlantis
    OK: OK in 3.2 min -- ../results/results_clarifier_efficientnet_b0_Atlantis.pkl
[6/35] convnext_tiny | held-out facility: Atlantis
    OK: OK in 3.1 min -- ../results/results_clarifier_convnext_tiny_Atlantis.pkl
[7/35] alexnet | held-out facility: Atlantis
    OK: OK in 7.8 min -- ../results/results_clarifier_alexnet_Atlantis.pkl
[8/35] resnet18 | held-out facility: CapeFlats
    OK: OK in 1.5 min -- ../results/results_clarifier_resnet18_CapeFlats.pkl
[9/35] resnet50 | held-out facility: CapeFlats
    OK: OK in 3.0 min -- ../results/results_clarifier_resnet50_CapeFlats.pkl
[10/35] densenet121 | held-out facility: CapeFlats
    OK: OK in 2.0 min -- ../results/results_clarifier_densenet121_CapeFlats.pkl
[11/35] inception_v3 | held-out facility: CapeFlats
    OK: OK in 2.6 min -- ../results/results_clarifier_inception_v3_CapeFlats.pkl
[12/35] efficientnet_b0 | held-out facility: CapeFlats
    OK: OK in 1.6 min -- ../results/results_clarifier_efficientnet_b0_CapeFlats.pkl
[13/35] convnext_tiny | held-out facility: CapeFlats
    OK: OK in 1.8 min -- ../results/results_clarifier_convnext_tiny_CapeFlats.pkl
[14/35] alexnet | held-out facility: CapeFlats
    OK: OK in 2.9 min -- ../results/results_clarifier_alexnet_CapeFlats.pkl
[15/35] resnet18 | held-out facility: Waterval
    OK: OK in 3.1 min -- ../results/results_clarifier_resnet18_Waterval.pkl
[16/35] resnet50 | held-out facility: Waterval
    OK: OK in 4.0 min -- ../results/results_clarifier_resnet50_Waterval.pkl
[17/35] densenet121 | held-out facility: Waterval
    OK: OK in 3.6 min -- ../results/results_clarifier_densenet121_Waterval.pkl
[18/35] inception_v3 | held-out facility: Waterval
    OK: OK in 4.3 min -- ../results/results_clarifier_inception_v3_Waterval.pkl
[19/35] efficientnet_b0 | held-out facility: Waterval
    OK: OK in 2.9 min -- ../results/results_clarifier_efficientnet_b0_Waterval.pkl
[20/35] convnext_tiny | held-out facility: Waterval
    OK: OK in 2.9 min -- ../results/results_clarifier_convnext_tiny_Waterval.pkl
[21/35] alexnet | held-out facility: Waterval
    OK: OK in 7.3 min -- ../results/results_clarifier_alexnet_Waterval.pkl
[22/35] resnet18 | held-out facility: Fisantekraal
    OK: OK in 3.9 min -- ../results/results_clarifier_resnet18_Fisantekraal.pkl
[23/35] resnet50 | held-out facility: Fisantekraal
    OK: OK in 3.9 min -- ../results/results_clarifier_resnet50_Fisantekraal.pkl
[24/35] densenet121 | held-out facility: Fisantekraal
    OK: OK in 4.8 min -- ../results/results_clarifier_densenet121_Fisantekraal.pkl
[25/35] inception_v3 | held-out facility: Fisantekraal
    OK: OK in 3.7 min -- ../results/results_clarifier_inception_v3_Fisantekraal.pkl
[26/35] efficientnet_b0 | held-out facility: Fisantekraal
    OK: OK in 3.3 min -- ../results/results_clarifier_efficientnet_b0_Fisantekraal.pkl
[27/35] convnext_tiny | held-out facility: Fisantekraal
    OK: OK in 3.0 min -- ../results/results_clarifier_convnext_tiny_Fisantekraal.pkl
[28/35] alexnet | held-out facility: Fisantekraal
    OK: OK in 8.8 min -- ../results/results_clarifier_alexnet_Fisantekraal.pkl
[29/35] resnet18 | held-out facility: NoordelikeWerke
    OK: OK in 3.2 min -- ../results/results_clarifier_resnet18_NoordelikeWerke.pkl
[30/35] resnet50 | held-out facility: NoordelikeWerke
    OK: OK in 3.8 min -- ../results/results_clarifier_resnet50_NoordelikeWerke.pkl
[31/35] densenet121 | held-out facility: NoordelikeWerke
    OK: OK in 4.7 min -- ../results/results_clarifier_densenet121_NoordelikeWerke.pkl
[32/35] inception_v3 | held-out facility: NoordelikeWerke
    OK: OK in 4.0 min -- ../results/results_clarifier_inception_v3_NoordelikeWerke.pkl
[33/35] efficientnet_b0 | held-out facility: NoordelikeWerke
    OK: OK in 3.1 min -- ../results/results_clarifier_efficientnet_b0_NoordelikeWerke.pkl
[34/35] convnext_tiny | held-out facility: NoordelikeWerke
    OK: OK in 3.1 min -- ../results/results_clarifier_convnext_tiny_NoordelikeWerke.pkl
[35/35] alexnet | held-out facility: NoordelikeWerke
    OK: OK in 13.8 min -- ../results/results_clarifier_alexnet_NoordelikeWerke.pkl

=== Run summary ===
OK: 35  Skipped: 0  Failed: 0  Total: 35
